../Core/Src/stm32f4xx_it.c:58:6:SDTimer_Handler	4	static
../Core/Src/stm32f4xx_it.c:84:6:NMI_Handler	4	static
../Core/Src/stm32f4xx_it.c:99:6:HardFault_Handler	4	static
../Core/Src/stm32f4xx_it.c:114:6:MemManage_Handler	4	static
../Core/Src/stm32f4xx_it.c:129:6:BusFault_Handler	4	static
../Core/Src/stm32f4xx_it.c:144:6:UsageFault_Handler	4	static
../Core/Src/stm32f4xx_it.c:159:6:DebugMon_Handler	4	static
../Core/Src/stm32f4xx_it.c:179:6:EXTI1_IRQHandler	8	static
../Core/Src/stm32f4xx_it.c:193:6:EXTI2_IRQHandler	8	static
../Core/Src/stm32f4xx_it.c:207:6:EXTI3_IRQHandler	8	static
../Core/Src/stm32f4xx_it.c:221:6:TIM1_UP_TIM10_IRQHandler	8	static
../Core/Src/stm32f4xx_it.c:236:6:TIM2_IRQHandler	8	static
../Core/Src/stm32f4xx_it.c:255:6:TIM4_IRQHandler	8	static
../Core/Src/stm32f4xx_it.c:269:6:USART1_IRQHandler	8	static
