Archive member included to satisfy reference by file (symbol)

c:/st/stm32cubeide_1.9.0/stm32cubeide/plugins/com.st.stm32cube.ide.mcu.externaltools.gnu-tools-for-stm32.10.3-2021.10.win32_1.0.100.202210260954/tools/bin/../lib/gcc/arm-none-eabi/10.3.1/../../../../arm-none-eabi/lib/thumb/v7e-m+fp/hard\libc_nano.a(lib_a-atoi.o)
                              ./Core/Src/RTC.o (atoi)
c:/st/stm32cubeide_1.9.0/stm32cubeide/plugins/com.st.stm32cube.ide.mcu.externaltools.gnu-tools-for-stm32.10.3-2021.10.win32_1.0.100.202210260954/tools/bin/../lib/gcc/arm-none-eabi/10.3.1/../../../../arm-none-eabi/lib/thumb/v7e-m+fp/hard\libc_nano.a(lib_a-calloc.o)
                              ./Core/Src/BH1750.o (calloc)
c:/st/stm32cubeide_1.9.0/stm32cubeide/plugins/com.st.stm32cube.ide.mcu.externaltools.gnu-tools-for-stm32.10.3-2021.10.win32_1.0.100.202210260954/tools/bin/../lib/gcc/arm-none-eabi/10.3.1/../../../../arm-none-eabi/lib/thumb/v7e-m+fp/hard\libc_nano.a(lib_a-errno.o)
                              ./Core/Src/syscalls.o (__errno)
c:/st/stm32cubeide_1.9.0/stm32cubeide/plugins/com.st.stm32cube.ide.mcu.externaltools.gnu-tools-for-stm32.10.3-2021.10.win32_1.0.100.202210260954/tools/bin/../lib/gcc/arm-none-eabi/10.3.1/../../../../arm-none-eabi/lib/thumb/v7e-m+fp/hard\libc_nano.a(lib_a-exit.o)
                              c:/st/stm32cubeide_1.9.0/stm32cubeide/plugins/com.st.stm32cube.ide.mcu.externaltools.gnu-tools-for-stm32.10.3-2021.10.win32_1.0.100.202210260954/tools/bin/../lib/gcc/arm-none-eabi/10.3.1/../../../../arm-none-eabi/lib/thumb/v7e-m+fp/hard/crt0.o (exit)
c:/st/stm32cubeide_1.9.0/stm32cubeide/plugins/com.st.stm32cube.ide.mcu.externaltools.gnu-tools-for-stm32.10.3-2021.10.win32_1.0.100.202210260954/tools/bin/../lib/gcc/arm-none-eabi/10.3.1/../../../../arm-none-eabi/lib/thumb/v7e-m+fp/hard\libc_nano.a(lib_a-findfp.o)
                              ./Middlewares/Third_Party/FreeRTOS/Source/tasks.o (__sf_fake_stderr)
c:/st/stm32cubeide_1.9.0/stm32cubeide/plugins/com.st.stm32cube.ide.mcu.externaltools.gnu-tools-for-stm32.10.3-2021.10.win32_1.0.100.202210260954/tools/bin/../lib/gcc/arm-none-eabi/10.3.1/../../../../arm-none-eabi/lib/thumb/v7e-m+fp/hard\libc_nano.a(lib_a-fwalk.o)
                              c:/st/stm32cubeide_1.9.0/stm32cubeide/plugins/com.st.stm32cube.ide.mcu.externaltools.gnu-tools-for-stm32.10.3-2021.10.win32_1.0.100.202210260954/tools/bin/../lib/gcc/arm-none-eabi/10.3.1/../../../../arm-none-eabi/lib/thumb/v7e-m+fp/hard\libc_nano.a(lib_a-findfp.o) (_fwalk)
c:/st/stm32cubeide_1.9.0/stm32cubeide/plugins/com.st.stm32cube.ide.mcu.externaltools.gnu-tools-for-stm32.10.3-2021.10.win32_1.0.100.202210260954/tools/bin/../lib/gcc/arm-none-eabi/10.3.1/../../../../arm-none-eabi/lib/thumb/v7e-m+fp/hard\libc_nano.a(lib_a-impure.o)
                              c:/st/stm32cubeide_1.9.0/stm32cubeide/plugins/com.st.stm32cube.ide.mcu.externaltools.gnu-tools-for-stm32.10.3-2021.10.win32_1.0.100.202210260954/tools/bin/../lib/gcc/arm-none-eabi/10.3.1/../../../../arm-none-eabi/lib/thumb/v7e-m+fp/hard\libc_nano.a(lib_a-exit.o) (_global_impure_ptr)
c:/st/stm32cubeide_1.9.0/stm32cubeide/plugins/com.st.stm32cube.ide.mcu.externaltools.gnu-tools-for-stm32.10.3-2021.10.win32_1.0.100.202210260954/tools/bin/../lib/gcc/arm-none-eabi/10.3.1/../../../../arm-none-eabi/lib/thumb/v7e-m+fp/hard\libc_nano.a(lib_a-init.o)
                              c:/st/stm32cubeide_1.9.0/stm32cubeide/plugins/com.st.stm32cube.ide.mcu.externaltools.gnu-tools-for-stm32.10.3-2021.10.win32_1.0.100.202210260954/tools/bin/../lib/gcc/arm-none-eabi/10.3.1/../../../../arm-none-eabi/lib/thumb/v7e-m+fp/hard/crt0.o (__libc_init_array)
c:/st/stm32cubeide_1.9.0/stm32cubeide/plugins/com.st.stm32cube.ide.mcu.externaltools.gnu-tools-for-stm32.10.3-2021.10.win32_1.0.100.202210260954/tools/bin/../lib/gcc/arm-none-eabi/10.3.1/../../../../arm-none-eabi/lib/thumb/v7e-m+fp/hard\libc_nano.a(lib_a-lock.o)
                              c:/st/stm32cubeide_1.9.0/stm32cubeide/plugins/com.st.stm32cube.ide.mcu.externaltools.gnu-tools-for-stm32.10.3-2021.10.win32_1.0.100.202210260954/tools/bin/../lib/gcc/arm-none-eabi/10.3.1/../../../../arm-none-eabi/lib/thumb/v7e-m+fp/hard\libc_nano.a(lib_a-findfp.o) (__retarget_lock_init_recursive)
c:/st/stm32cubeide_1.9.0/stm32cubeide/plugins/com.st.stm32cube.ide.mcu.externaltools.gnu-tools-for-stm32.10.3-2021.10.win32_1.0.100.202210260954/tools/bin/../lib/gcc/arm-none-eabi/10.3.1/../../../../arm-none-eabi/lib/thumb/v7e-m+fp/hard\libc_nano.a(lib_a-malloc.o)
                              ./Core/Src/BH1750.o (malloc)
c:/st/stm32cubeide_1.9.0/stm32cubeide/plugins/com.st.stm32cube.ide.mcu.externaltools.gnu-tools-for-stm32.10.3-2021.10.win32_1.0.100.202210260954/tools/bin/../lib/gcc/arm-none-eabi/10.3.1/../../../../arm-none-eabi/lib/thumb/v7e-m+fp/hard\libc_nano.a(lib_a-memcpy-stub.o)
                              ./Middlewares/Third_Party/FreeRTOS/Source/queue.o (memcpy)
[...]
Memory Configuration

Name             Origin             Length             Attributes
RAM              0x0000000020000000 0x0000000000018000 xrw
FLASH            0x0000000008000000 0x0000000000080000 xr
*default*        0x0000000000000000 0xffffffffffffffff

Linker script and memory map

LOAD c:/st/stm32cubeide_1.9.0/stm32cubeide/plugins/com.st.stm32cube.ide.mcu.externaltools.gnu-tools-for-stm32.10.3-2021.10.win32_1.0.100.202210260954/tools/bin/../lib/gcc/arm-none-eabi/10.3.1/thumb/v7e-m+fp/hard/crti.o
LOAD c:/st/stm32cubeide_1.9.0/stm32cubeide/plugins/com.st.stm32cube.ide.mcu.externaltools.gnu-tools-for-stm32.10.3-2021.10.win32_1.0.100.202210260954/tools/bin/../lib/gcc/arm-none-eabi/10.3.1/thumb/v7e-m+fp/hard/crtbegin.o
LOAD c:/st/stm32cubeide_1.9.0/stm32cubeide/plugins/com.st.stm32cube.ide.mcu.externaltools.gnu-tools-for-stm32.10.3-2021.10.win32_1.0.100.202210260954/tools/bin/../lib/gcc/arm-none-eabi/10.3.1/../../../../arm-none-eabi/lib/thumb/v7e-m+fp/hard/crt0.o
LOAD ./Core/Src/BH1750.o
LOAD ./Core/Src/Bluetooth.o
LOAD ./Core/Src/DOT_MATRIX.o
LOAD ./Core/Src/DOT_MATRIX_cfg.o
LOAD ./Core/Src/RTC.o
LOAD ./Core/Src/dht11.o
LOAD ./Core/Src/fatfs_app.o
LOAD ./Core/Src/fatfs_sd.o
LOAD ./Core/Src/freertos.o
LOAD ./Core/Src/inicializaciones.o
LOAD ./Core/Src/main.o
LOAD ./Core/Src/stm32f4xx_hal_msp.o
LOAD ./Core/Src/stm32f4xx_hal_timebase_tim.o
LOAD ./Core/Src/stm32f4xx_it.o
LOAD ./Core/Src/syscalls.o
LOAD ./Core/Src/sysmem.o
LOAD ./Core/Src/system_stm32f4xx.o
LOAD ./Core/Src/tareas_rutina.o
LOAD ./Core/Startup/startup_stm32f401retx.o
LOAD ./Drivers/STM32F4xx_HAL_Driver/Src/stm32f4xx_hal.o
LOAD ./Drivers/STM32F4xx_HAL_Driver/Src/stm32f4xx_hal_cortex.o
LOAD ./Drivers/STM32F4xx_HAL_Driver/Src/stm32f4xx_hal_dma.o
LOAD ./Drivers/STM32F4xx_HAL_Driver/Src/stm32f4xx_hal_dma_ex.o
LOAD ./Drivers/STM32F4xx_HAL_Driver/Src/stm32f4xx_hal_exti.o
LOAD ./Drivers/STM32F4xx_HAL_Driver/Src/stm32f4xx_hal_flash.o
LOAD ./Drivers/STM32F4xx_HAL_Driver/Src/stm32f4xx_hal_flash_ex.o
LOAD ./Drivers/STM32F4xx_HAL_Driver/Src/stm32f4xx_hal_flash_ramfunc.o
LOAD ./Drivers/STM32F4xx_HAL_Driver/Src/stm32f4xx_hal_gpio.o
LOAD ./Drivers/STM32F4xx_HAL_Driver/Src/stm32f4xx_hal_i2c.o
LOAD ./Drivers/STM32F4xx_HAL_Driver/Src/stm32f4xx_hal_i2c_ex.o
LOAD ./Drivers/STM32F4xx_HAL_Driver/Src/stm32f4xx_hal_pwr.o
LOAD ./Drivers/STM32F4xx_HAL_Driver/Src/stm32f4xx_hal_pwr_ex.o
LOAD ./Drivers/STM32F4xx_HAL_Driver/Src/stm32f4xx_hal_rcc.o
LOAD ./Drivers/STM32F4xx_HAL_Driver/Src/stm32f4xx_hal_rcc_ex.o
LOAD ./Drivers/STM32F4xx_HAL_Driver/Src/stm32f4xx_hal_rtc.o
LOAD ./Drivers/STM32F4xx_HAL_Driver/Src/stm32f4xx_hal_rtc_ex.o
LOAD ./Drivers/STM32F4xx_HAL_Driver/Src/stm32f4xx_hal_spi.o
LOAD ./Drivers/STM32F4xx_HAL_Driver/Src/stm32f4xx_hal_tim.o
LOAD ./Drivers/STM32F4xx_HAL_Driver/Src/stm32f4xx_hal_tim_ex.o
LOAD ./Drivers/STM32F4xx_HAL_Driver/Src/stm32f4xx_hal_uart.o
LOAD ./FATFS/App/fatfs.o
LOAD ./FATFS/Target/user_diskio.o
LOAD ./Middlewares/Third_Party/FatFs/src/diskio.o
LOAD ./Middlewares/Third_Party/FatFs/src/ff.o
LOAD ./Middlewares/Third_Party/FatFs/src/ff_gen_drv.o
LOAD ./Middlewares/Third_Party/FatFs/src/option/syscall.o
LOAD ./Middlewares/Third_Party/FreeRTOS/Source/CMSIS_RTOS/cmsis_os.o
LOAD ./Middlewares/Third_Party/FreeRTOS/Source/croutine.o
LOAD ./Middlewares/Third_Party/FreeRTOS/Source/event_groups.o
LOAD ./Middlewares/Third_Party/FreeRTOS/Source/list.o
LOAD ./Middlewares/Third_Party/FreeRTOS/Source/queue.o
LOAD ./Middlewares/Third_Party/FreeRTOS/Source/stream_buffer.o
LOAD ./Middlewares/Third_Party/FreeRTOS/Source/tasks.o
LOAD ./Middlewares/Third_Party/FreeRTOS/Source/timers.o
LOAD ./Middlewares/Third_Party/FreeRTOS/Source/portable/GCC/ARM_CM4F/port.o
LOAD ./Middlewares/Third_Party/FreeRTOS/Source/portable/MemMang/heap_4.o
START GROUP
LOAD c:/st/stm32cubeide_1.9.0/stm32cubeide/plugins/com.st.stm32cube.ide.mcu.externaltools.gnu-tools-for-stm32.10.3-2021.10.win32_1.0.100.202210260954/tools/bin/../lib/gcc/arm-none-eabi/10.3.1/../../../../arm-none-eabi/lib/thumb/v7e-m+fp/hard\libc_nano.a
LOAD c:/st/stm32cubeide_1.9.0/stm32cubeide/plugins/com.st.stm32cube.ide.mcu.externaltools.gnu-tools-for-stm32.10.3-2021.10.win32_1.0.100.202210260954/tools/bin/../lib/gcc/arm-none-eabi/10.3.1/../../../../arm-none-eabi/lib/thumb/v7e-m+fp/hard\libm.a
END GROUP
START GROUP
LOAD c:/st/stm32cubeide_1.9.0/stm32cubeide/plugins/com.st.stm32cube.ide.mcu.externaltools.gnu-tools-for-stm32.10.3-2021.10.win32_1.0.100.202210260954/tools/bin/../lib/gcc/arm-none-eabi/10.3.1/thumb/v7e-m+fp/hard\libgcc.a
LOAD c:/st/stm32cubeide_1.9.0/stm32cubeide/plugins/com.st.stm32cube.ide.mcu.externaltools.gnu-tools-for-stm32.10.3-2021.10.win32_1.0.100.202210260954/tools/bin/../lib/gcc/arm-none-eabi/10.3.1/../../../../arm-none-eabi/lib/thumb/v7e-m+fp/hard\libc_nano.a
END GROUP
START GROUP
LOAD c:/st/stm32cubeide_1.9.0/stm32cubeide/plugins/com.st.stm32cube.ide.mcu.externaltools.gnu-tools-for-stm32.10.3-2021.10.win32_1.0.100.202210260954/tools/bin/../lib/gcc/arm-none-eabi/10.3.1/thumb/v7e-m+fp/hard\libgcc.a
LOAD c:/st/stm32cubeide_1.9.0/stm32cubeide/plugins/com.st.stm32cube.ide.mcu.externaltools.gnu-tools-for-stm32.10.3-2021.10.win32_1.0.100.202210260954/tools/bin/../lib/gcc/arm-none-eabi/10.3.1/../../../../arm-none-eabi/lib/thumb/v7e-m+fp/hard\libc_nano.a
LOAD c:/st/stm32cubeide_1.9.0/stm32cubeide/plugins/com.st.stm32cube.ide.mcu.externaltools.gnu-tools-for-stm32.10.3-2021.10.win32_1.0.100.202210260954/tools/bin/../lib/gcc/arm-none-eabi/10.3.1/../../../../arm-none-eabi/lib/thumb/v7e-m+fp/hard\libnosys.a
END GROUP
START GROUP
LOAD c:/st/stm32cubeide_1.9.0/stm32cubeide/plugins/com.st.stm32cube.ide.mcu.externaltools.gnu-tools-for-stm32.10.3-2021.10.win32_1.0.100.202210260954/tools/bin/../lib/gcc/arm-none-eabi/10.3.1/thumb/v7e-m+fp/hard\libgcc.a
LOAD c:/st/stm32cubeide_1.9.0/stm32cubeide/plugins/com.st.stm32cube.ide.mcu.externaltools.gnu-tools-for-stm32.10.3-2021.10.win32_1.0.100.202210260954/tools/bin/../lib/gcc/arm-none-eabi/10.3.1/../../../../arm-none-eabi/lib/thumb/v7e-m+fp/hard\libc_nano.a
LOAD c:/st/stm32cubeide_1.9.0/stm32cubeide/plugins/com.st.stm32cube.ide.mcu.externaltools.gnu-tools-for-stm32.10.3-2021.10.win32_1.0.100.202210260954/tools/bin/../lib/gcc/arm-none-eabi/10.3.1/../../../../arm-none-eabi/lib/thumb/v7e-m+fp/hard\libnosys.a
END GROUP
LOAD c:/st/stm32cubeide_1.9.0/stm32cubeide/plugins/com.st.stm32cube.ide.mcu.externaltools.gnu-tools-for-stm32.10.3-2021.10.win32_1.0.100.202210260954/tools/bin/../lib/gcc/arm-none-eabi/10.3.1/thumb/v7e-m+fp/hard/crtend.o
LOAD c:/st/stm32cubeide_1.9.0/stm32cubeide/plugins/com.st.stm32cube.ide.mcu.externaltools.gnu-tools-for-stm32.10.3-2021.10.win32_1.0.100.202210260954/tools/bin/../lib/gcc/arm-none-eabi/10.3.1/thumb/v7e-m+fp/hard/crtn.o
                0x0000000020018000                _estack = (ORIGIN (RAM) + LENGTH (RAM))
                0x0000000000000200                _Min_Heap_Size = 0x200
                0x0000000000000400                _Min_Stack_Size = 0x400

.isr_vector     0x0000000008000000      0x194
                0x0000000008000000                . = ALIGN (0x4)
 *(.isr_vector)
 .isr_vector    0x0000000008000000      0x194 ./Core/Startup/startup_stm32f401retx.o
                0x0000000008000000                g_pfnVectors
                0x0000000008000194                . = ALIGN (0x4)

.text           0x00000000080001a0     0xe864
                0x00000000080001a0                . = ALIGN (0x4)
 *(.text)
 .text          0x00000000080001a0       0x40 c:/st/stm32cubeide_1.9.0/stm32cubeide/plugins/com.st.stm32cube.ide.mcu.externaltools.gnu-tools-for-stm32.10.3-2021.10.win32_1.0.100.202210260954/tools/bin/../lib/gcc/arm-none-eabi/10.3.1/thumb/v7e-m+fp/hard/crtbegin.o
 .text          0x00000000080001e0       0x14 c:/st/stm32cubeide_1.9.0/stm32cubeide/plugins/com.st.stm32cube.ide.mcu.externaltools.gnu-tools-for-stm32.10.3-2021.10.win32_1.0.100.202210260954/tools/bin/../lib/gcc/arm-none-eabi/10.3.1/../../../../arm-none-eabi/lib/thumb/v7e-m+fp/hard\libc_nano.a(lib_a-strcmp.o)
                0x00000000080001e0                strcmp
 .text          0x00000000080001f4       0x10 c:/st/stm32cubeide_1.9.0/stm32cubeide/plugins/com.st.stm32cube.ide.mcu.externaltools.gnu-tools-for-stm32.10.3-2021.10.win32_1.0.100.202210260954/tools/bin/../lib/gcc/arm-none-eabi/10.3.1/../../../../arm-none-eabi/lib/thumb/v7e-m+fp/hard\libc_nano.a(lib_a-strlen.o)
                0x00000000080001f4                strlen
 *fill*         0x0000000008000204        0xc 
 .text          0x0000000008000210       0xa0 c:/st/stm32cubeide_1.9.0/stm32cubeide/plugins/com.st.stm32cube.ide.mcu.externaltools.gnu-tools-for-stm32.10.3-2021.10.win32_1.0.100.202210260954/tools/bin/../lib/gcc/arm-none-eabi/10.3.1/../../../../arm-none-eabi/lib/thumb/v7e-m+fp/hard\libc_nano.a(lib_a-memchr.o)
                0x0000000008000210                memchr
 .text          0x00000000080002b0      0x378 c:/st/stm32cubeide_1.9.0/stm32cubeide/plugins/com.st.stm32cube.ide.mcu.externaltools.gnu-tools-for-stm32.10.3-2021.10.win32_1.0.100.202210260954/tools/bin/../lib/gcc/arm-none-eabi/10.3.1/thumb/v7e-m+fp/hard\libgcc.a(_arm_addsubdf3.o)
                0x00000000080002b0                __aeabi_drsub
                0x00000000080002b8                __aeabi_dsub
                0x00000000080002b8                __subdf3
                0x00000000080002bc                __aeabi_dadd
                0x00000000080002bc                __adddf3
                0x0000000008000534                __floatunsidf
                0x0000000008000534                __aeabi_ui2d
                0x0000000008000554                __floatsidf
                0x0000000008000554                __aeabi_i2d
                0x0000000008000578                __aeabi_f2d
                0x0000000008000578                __extendsfdf2
                0x00000000080005bc                __floatundidf
                0x00000000080005bc                __aeabi_ul2d
                0x00000000080005cc                __floatdidf
                0x00000000080005cc                __aeabi_l2d
 .text          0x0000000008000628      0x424 c:/st/stm32cubeide_1.9.0/stm32cubeide/plugins/com.st.stm32cube.ide.mcu.externaltools.gnu-tools-for-stm32.10.3-2021.10.win32_1.0.100.202210260954/tools/bin/../lib/gcc/arm-none-eabi/10.3.1/thumb/v7e-m+fp/hard\libgcc.a(_arm_muldivdf3.o)
                0x0000000008000628                __aeabi_dmul
                0x0000000008000628                __muldf3
                0x000000000800087c                __divdf3
                0x000000000800087c                __aeabi_ddiv
 .text          0x0000000008000a4c       0x40 c:/st/stm32cubeide_1.9.0/stm32cubeide/plugins/com.st.stm32cube.ide.mcu.externaltools.gnu-tools-for-stm32.10.3-2021.10.win32_1.0.100.202210260954/tools/bin/../lib/gcc/arm-none-eabi/10.3.1/thumb/v7e-m+fp/hard\libgcc.a(_arm_fixunsdfsi.o)
                0x0000000008000a4c                __aeabi_d2uiz
                0x0000000008000a4c                __fixunsdfsi
 .text          0x0000000008000a8c       0x30 c:/st/stm32cubeide_1.9.0/stm32cubeide/plugins/com.st.stm32cube.ide.mcu.externaltools.gnu-tools-for-stm32.10.3-2021.10.win32_1.0.100.202210260954/tools/bin/../lib/gcc/arm-none-eabi/10.3.1/thumb/v7e-m+fp/hard\libgcc.a(_aeabi_uldivmod.o)
                0x0000000008000a8c                __aeabi_uldivmod
 .text          0x0000000008000abc      0x2d0 c:/st/stm32cubeide_1.9.0/stm32cubeide/plugins/com.st.stm32cube.ide.mcu.externaltools.gnu-tools-for-stm32.10.3-2021.10.win32_1.0.100.202210260954/tools/bin/../lib/gcc/arm-none-eabi/10.3.1/thumb/v7e-m+fp/hard\libgcc.a(_udivmoddi4.o)
                0x0000000008000abc                __udivmoddi4
 .text          0x0000000008000d8c        0x4 c:/st/stm32cubeide_1.9.0/stm32cubeide/plugins/com.st.stm32cube.ide.mcu.externaltools.gnu-tools-for-stm32.10.3-2021.10.win32_1.0.100.202210260954/tools/bin/../lib/gcc/arm-none-eabi/10.3.1/thumb/v7e-m+fp/hard\libgcc.a(_dvmd_tls.o)
                0x0000000008000d8c                __aeabi_idiv0
                0x0000000008000d8c                __aeabi_ldiv0
 *(.text*)
 .text.BH1750_send_command
                0x0000000008000d90       0x36 ./Core/Src/BH1750.o
                0x0000000008000d90                BH1750_send_command
 .text.BH1750_poll_self
                0x0000000008000dc6       0x16 ./Core/Src/BH1750.o
                0x0000000008000dc6                BH1750_poll_self
 .text.BH1750_init_dev_struct
                0x0000000008000ddc       0x8c ./Core/Src/BH1750.o
                0x0000000008000ddc                BH1750_init_dev_struct
 .text.BH1750_init_dev
                0x0000000008000e68       0x2a ./Core/Src/BH1750.o
                0x0000000008000e68                BH1750_init_dev
 .text.BH1750_read_dev
                0x0000000008000e92       0x36 ./Core/Src/BH1750.o
                0x0000000008000e92                BH1750_read_dev
 .text.BH1750_convert
                0x0000000008000ec8       0x60 ./Core/Src/BH1750.o
                0x0000000008000ec8                BH1750_convert
 .text.BH1750_get_lumen
                0x0000000008000f28       0x1e ./Core/Src/BH1750.o
                0x0000000008000f28                BH1750_get_lumen
 *fill*         0x0000000008000f46        0x2 
 .text.f_comandos
                0x0000000008000f48      0x1e8 ./Core/Src/Bluetooth.o
                0x0000000008000f48                f_comandos
 .text.HAL_UARTEx_RxEventCallback
                0x0000000008001130       0x44 ./Core/Src/Bluetooth.o
                0x0000000008001130                HAL_UARTEx_RxEventCallback
 .text.SPI_TX_Byte
                0x0000000008001174       0x24 ./Core/Src/DOT_MATRIX.o
 .text.SS_ENABLE
                0x0000000008001198       0x40 ./Core/Src/DOT_MATRIX.o
 .text.SS_DISABLE
                0x00000000080011d8       0x40 ./Core/Src/DOT_MATRIX.o
 .text.DisplayBuffer
                0x0000000008001218       0xe4 ./Core/Src/DOT_MATRIX.o
 .text.PushToBuffer
                0x00000000080012fc       0xa4 ./Core/Src/DOT_MATRIX.o
 .text.DOT_MATRIX_Brightness
                0x00000000080013a0       0x74 ./Core/Src/DOT_MATRIX.o
                0x00000000080013a0                DOT_MATRIX_Brightness
 .text.DOT_MATRIX_Init
                0x0000000008001414      0x4b0 ./Core/Src/DOT_MATRIX.o
                0x0000000008001414                DOT_MATRIX_Init
 .text.DOT_MATRIX_Clear
                0x00000000080018c4       0xd8 ./Core/Src/DOT_MATRIX.o
                0x00000000080018c4                DOT_MATRIX_Clear
 .text.DOT_MATRIX_Init_TMR
                0x000000000800199c       0x98 ./Core/Src/DOT_MATRIX.o
                0x000000000800199c                DOT_MATRIX_Init_TMR
 .text.MATRIX_SCROLL_SetSpeed
                0x0000000008001a34       0x34 ./Core/Src/DOT_MATRIX.o
                0x0000000008001a34                MATRIX_SCROLL_SetSpeed
 .text.MATRIX_DisplayMessage
                0x0000000008001a68       0x5c ./Core/Src/DOT_MATRIX.o
                0x0000000008001a68                MATRIX_DisplayMessage
 .text.MATRIX_TMR_OVF_ISR
                0x0000000008001ac4      0x1d0 ./Core/Src/DOT_MATRIX.o
                0x0000000008001ac4                MATRIX_TMR_OVF_ISR
 .text.Actualizar_FechaHora
                0x0000000008001c94       0x84 ./Core/Src/RTC.o
                0x0000000008001c94                Actualizar_FechaHora
 .text.RTC_SetFecha
                0x0000000008001d18       0x74 ./Core/Src/RTC.o
                0x0000000008001d18                RTC_SetFecha
 .text.RTC_SetHora
                0x0000000008001d8c       0x74 ./Core/Src/RTC.o
                0x0000000008001d8c                RTC_SetHora
 .text.microDelay
                0x0000000008001e00       0x34 ./Core/Src/dht11.o
                0x0000000008001e00                microDelay
 .text.DHT11_Start
                0x0000000008001e34       0xe4 ./Core/Src/dht11.o
                0x0000000008001e34                DHT11_Start
 .text.DHT11_Read
                0x0000000008001f18       0xf8 ./Core/Src/dht11.o
                0x0000000008001f18                DHT11_Read
 .text.LeerDatos
                0x0000000008002010      0x100 ./Core/Src/fatfs_app.o
                0x0000000008002010                LeerDatos
 .text.InicializarSd
                0x0000000008002110       0x1c ./Core/Src/fatfs_app.o
                0x0000000008002110                InicializarSd
 .text.DetectarSd
                0x000000000800212c       0x10 ./Core/Src/fatfs_app.o
                0x000000000800212c                DetectarSd
 .text.SELECT   0x000000000800213c       0x18 ./Core/Src/fatfs_sd.o
 .text.DESELECT
                0x0000000008002154       0x18 ./Core/Src/fatfs_sd.o
 .text.SPI_TxByte
                0x000000000800216c       0x34 ./Core/Src/fatfs_sd.o
 .text.SPI_RxByte
                0x00000000080021a0       0x3c ./Core/Src/fatfs_sd.o
 .text.SPI_RxBytePtr
                0x00000000080021dc       0x1c ./Core/Src/fatfs_sd.o
 .text.SD_ReadyWait
                0x00000000080021f8       0x38 ./Core/Src/fatfs_sd.o
 .text.SD_PowerOn
                0x0000000008002230       0x98 ./Core/Src/fatfs_sd.o
 .text.SD_PowerOff
                0x00000000080022c8       0x18 ./Core/Src/fatfs_sd.o
 .text.SD_CheckPower
                0x00000000080022e0       0x18 ./Core/Src/fatfs_sd.o
 .text.SD_RxDataBlock
                0x00000000080022f8       0x6c ./Core/Src/fatfs_sd.o
 .text.SD_TxDataBlock
                0x0000000008002364       0xa8 ./Core/Src/fatfs_sd.o
 .text.SD_SendCmd
                0x000000000800240c       0xa4 ./Core/Src/fatfs_sd.o
 .text.SD_disk_initialize
                0x00000000080024b0      0x1d4 ./Core/Src/fatfs_sd.o
                0x00000000080024b0                SD_disk_initialize
 .text.SD_disk_status
                0x0000000008002684       0x2c ./Core/Src/fatfs_sd.o
                0x0000000008002684                SD_disk_status
 .text.SD_disk_read
                0x00000000080026b0       0xd4 ./Core/Src/fatfs_sd.o
                0x00000000080026b0                SD_disk_read
 .text.SD_disk_write
                0x0000000008002784      0x108 ./Core/Src/fatfs_sd.o
                0x0000000008002784                SD_disk_write
 .text.SD_disk_ioctl
                0x000000000800288c      0x264 ./Core/Src/fatfs_sd.o
                0x000000000800288c                SD_disk_ioctl
 .text.vApplicationGetIdleTaskMemory
                0x0000000008002af0       0x34 ./Core/Src/freertos.o
                0x0000000008002af0                vApplicationGetIdleTaskMemory
 .text.inicializar_semaforos
                0x0000000008002b24       0xc8 ./Core/Src/inicializaciones.o
                0x0000000008002b24                inicializar_semaforos
 .text.inicializar_cartel
                0x0000000008002bec       0x3c ./Core/Src/inicializaciones.o
                0x0000000008002bec                inicializar_cartel
 .text.inicializar_BH1750
                0x0000000008002c28       0x30 ./Core/Src/inicializaciones.o
                0x0000000008002c28                inicializar_BH1750
 .text.inicializar_Matrix
                0x0000000008002c58       0x18 ./Core/Src/inicializaciones.o
                0x0000000008002c58                inicializar_Matrix
 .text.inicializar_perifericos
                0x0000000008002c70       0x24 ./Core/Src/inicializaciones.o
                0x0000000008002c70                inicializar_perifericos
 .text.inicializar_tareas
                0x0000000008002c94      0x124 ./Core/Src/inicializaciones.o
                0x0000000008002c94                inicializar_tareas
 .text.main     0x0000000008002db8       0x70 ./Core/Src/main.o
                0x0000000008002db8                main
 .text.SystemClock_Config
                0x0000000008002e28       0xd8 ./Core/Src/main.o
                0x0000000008002e28                SystemClock_Config
 .text.MX_I2C1_Init
                0x0000000008002f00       0x5c ./Core/Src/main.o
 .text.MX_RTC_Init
                0x0000000008002f5c       0xec ./Core/Src/main.o
 .text.MX_SPI1_Init
                0x0000000008003048       0x6c ./Core/Src/main.o
 .text.MX_SPI2_Init
                0x00000000080030b4       0x6c ./Core/Src/main.o
 .text.MX_TIM2_Init
                0x0000000008003120       0x98 ./Core/Src/main.o
 .text.MX_TIM3_Init
                0x00000000080031b8       0x9c ./Core/Src/main.o
 .text.MX_TIM4_Init
                0x0000000008003254       0x9c ./Core/Src/main.o
 .text.MX_USART1_UART_Init
                0x00000000080032f0       0x54 ./Core/Src/main.o
 .text.MX_GPIO_Init
                0x0000000008003344      0x14c ./Core/Src/main.o
 .text.HAL_GPIO_EXTI_Callback
                0x0000000008003490      0x120 ./Core/Src/main.o
                0x0000000008003490                HAL_GPIO_EXTI_Callback
 .text.StartDefaultTask
                0x00000000080035b0       0x10 ./Core/Src/main.o
                0x00000000080035b0                StartDefaultTask
 .text.HAL_TIM_PeriodElapsedCallback
                0x00000000080035c0       0x38 ./Core/Src/main.o
                0x00000000080035c0                HAL_TIM_PeriodElapsedCallback
 .text.Error_Handler
                0x00000000080035f8        0xa ./Core/Src/main.o
                0x00000000080035f8                Error_Handler
 *fill*         0x0000000008003602        0x2 
 .text.HAL_MspInit
                0x0000000008003604       0x58 ./Core/Src/stm32f4xx_hal_msp.o
                0x0000000008003604                HAL_MspInit
 .text.HAL_I2C_MspInit
                0x000000000800365c       0x90 ./Core/Src/stm32f4xx_hal_msp.o
                0x000000000800365c                HAL_I2C_MspInit
 .text.HAL_RTC_MspInit
                0x00000000080036ec       0x58 ./Core/Src/stm32f4xx_hal_msp.o
                0x00000000080036ec                HAL_RTC_MspInit
 .text.HAL_SPI_MspInit
                0x0000000008003744       0xfc ./Core/Src/stm32f4xx_hal_msp.o
                0x0000000008003744                HAL_SPI_MspInit
 .text.HAL_TIM_Base_MspInit
                0x0000000008003840       0xb4 ./Core/Src/stm32f4xx_hal_msp.o
                0x0000000008003840                HAL_TIM_Base_MspInit
 .text.HAL_UART_MspInit
                0x00000000080038f4       0xa0 ./Core/Src/stm32f4xx_hal_msp.o
                0x00000000080038f4                HAL_UART_MspInit
 .text.HAL_InitTick
                0x0000000008003994       0xb0 ./Core/Src/stm32f4xx_hal_timebase_tim.o
                0x0000000008003994                HAL_InitTick
 .text.SDTimer_Handler
                0x0000000008003a44       0x48 ./Core/Src/stm32f4xx_it.o
                0x0000000008003a44                SDTimer_Handler
 .text.NMI_Handler
                0x0000000008003a8c        0x6 ./Core/Src/stm32f4xx_it.o
                0x0000000008003a8c                NMI_Handler
 .text.HardFault_Handler
                0x0000000008003a92        0x6 ./Core/Src/stm32f4xx_it.o
                0x0000000008003a92                HardFault_Handler
 .text.MemManage_Handler
                0x0000000008003a98        0x6 ./Core/Src/stm32f4xx_it.o
                0x0000000008003a98                MemManage_Handler
 .text.BusFault_Handler
                0x0000000008003a9e        0x6 ./Core/Src/stm32f4xx_it.o
                0x0000000008003a9e                BusFault_Handler
 .text.UsageFault_Handler
                0x0000000008003aa4        0x6 ./Core/Src/stm32f4xx_it.o
                0x0000000008003aa4                UsageFault_Handler
 .text.DebugMon_Handler
                0x0000000008003aaa        0xe ./Core/Src/stm32f4xx_it.o
                0x0000000008003aaa                DebugMon_Handler
 .text.EXTI1_IRQHandler
                0x0000000008003ab8        0xe ./Core/Src/stm32f4xx_it.o
                0x0000000008003ab8                EXTI1_IRQHandler
 .text.EXTI2_IRQHandler
                0x0000000008003ac6        0xe ./Core/Src/stm32f4xx_it.o
                0x0000000008003ac6                EXTI2_IRQHandler
 .text.EXTI3_IRQHandler
                0x0000000008003ad4        0xe ./Core/Src/stm32f4xx_it.o
                0x0000000008003ad4                EXTI3_IRQHandler
 *fill*         0x0000000008003ae2        0x2 
 .text.TIM1_UP_TIM10_IRQHandler
                0x0000000008003ae4       0x14 ./Core/Src/stm32f4xx_it.o
                0x0000000008003ae4                TIM1_UP_TIM10_IRQHandler
 .text.TIM2_IRQHandler
                0x0000000008003af8       0x38 ./Core/Src/stm32f4xx_it.o
                0x0000000008003af8                TIM2_IRQHandler
 .text.TIM4_IRQHandler
                0x0000000008003b30       0x14 ./Core/Src/stm32f4xx_it.o
                0x0000000008003b30                TIM4_IRQHandler
 .text.USART1_IRQHandler
                0x0000000008003b44       0x14 ./Core/Src/stm32f4xx_it.o
                0x0000000008003b44                USART1_IRQHandler
 .text._sbrk    0x0000000008003b58       0x6c ./Core/Src/sysmem.o
                0x0000000008003b58                _sbrk
 .text.SystemInit
                0x0000000008003bc4       0x24 ./Core/Src/system_stm32f4xx.o
                0x0000000008003bc4                SystemInit
 .text.tarea_bh1750
                0x0000000008003be8       0x84 ./Core/Src/tareas_rutina.o
                0x0000000008003be8                tarea_bh1750
 .text.tarea_cartel
                0x0000000008003c6c      0x100 ./Core/Src/tareas_rutina.o
                0x0000000008003c6c                tarea_cartel
 .text.tarea_acciones_pulsador
                0x0000000008003d6c      0x2c8 ./Core/Src/tareas_rutina.o
                0x0000000008003d6c                tarea_acciones_pulsador
 .text.tarea_uart
                0x0000000008004034       0x84 ./Core/Src/tareas_rutina.o
                0x0000000008004034                tarea_uart
 .text.tarea_actualizarRTC
                0x00000000080040b8       0x16 ./Core/Src/tareas_rutina.o
                0x00000000080040b8                tarea_actualizarRTC
 *fill*         0x00000000080040ce        0x2 
 .text.tarea_pulsador1
                0x00000000080040d0       0xb0 ./Core/Src/tareas_rutina.o
                0x00000000080040d0                tarea_pulsador1
 .text.tarea_pulsador2
                0x0000000008004180       0x9c ./Core/Src/tareas_rutina.o
                0x0000000008004180                tarea_pulsador2
 .text.tarea_pulsador3
                0x000000000800421c       0x64 ./Core/Src/tareas_rutina.o
                0x000000000800421c                tarea_pulsador3
 .text.tarea_DHT11
                0x0000000008004280       0x70 ./Core/Src/tareas_rutina.o
                0x0000000008004280                tarea_DHT11
 .text.tarea_sd
                0x00000000080042f0       0xc8 ./Core/Src/tareas_rutina.o
                0x00000000080042f0                tarea_sd
 .text.Reset_Handler
                0x00000000080043b8       0x50 ./Core/Startup/startup_stm32f401retx.o
                0x00000000080043b8                Reset_Handler
 .text.Default_Handler
                0x0000000008004408        0x2 ./Core/Startup/startup_stm32f401retx.o
                0x0000000008004408                RTC_Alarm_IRQHandler
                0x0000000008004408                SPI4_IRQHandler
                0x0000000008004408                TIM1_CC_IRQHandler
                0x0000000008004408                DMA2_Stream5_IRQHandler
                0x0000000008004408                DMA1_Stream5_IRQHandler
                0x0000000008004408                PVD_IRQHandler
                0x0000000008004408                SDIO_IRQHandler
                0x0000000008004408                TAMP_STAMP_IRQHandler
                0x0000000008004408                I2C3_ER_IRQHandler
                0x0000000008004408                EXTI0_IRQHandler
                0x0000000008004408                I2C2_EV_IRQHandler
                0x0000000008004408                DMA1_Stream2_IRQHandler
                0x0000000008004408                FPU_IRQHandler
                0x0000000008004408                DMA2_Stream2_IRQHandler
                0x0000000008004408                SPI1_IRQHandler
                0x0000000008004408                TIM1_BRK_TIM9_IRQHandler
                0x0000000008004408                DMA2_Stream3_IRQHandler
                0x0000000008004408                USART6_IRQHandler
                0x0000000008004408                DMA2_Stream0_IRQHandler
                0x0000000008004408                I2C1_EV_IRQHandler
                0x0000000008004408                DMA1_Stream6_IRQHandler
                0x0000000008004408                DMA1_Stream1_IRQHandler
                0x0000000008004408                TIM3_IRQHandler
                0x0000000008004408                RCC_IRQHandler
                0x0000000008004408                Default_Handler
                0x0000000008004408                EXTI15_10_IRQHandler
                0x0000000008004408                ADC_IRQHandler
                0x0000000008004408                DMA1_Stream7_IRQHandler
                0x0000000008004408                TIM5_IRQHandler
                0x0000000008004408                DMA2_Stream7_IRQHandler
                0x0000000008004408                I2C3_EV_IRQHandler
                0x0000000008004408                EXTI9_5_IRQHandler
                0x0000000008004408                RTC_WKUP_IRQHandler
                0x0000000008004408                SPI2_IRQHandler
                0x0000000008004408                DMA1_Stream0_IRQHandler
                0x0000000008004408                EXTI4_IRQHandler
                0x0000000008004408                WWDG_IRQHandler
                0x0000000008004408                OTG_FS_WKUP_IRQHandler
                0x0000000008004408                TIM1_TRG_COM_TIM11_IRQHandler
                0x0000000008004408                USART2_IRQHandler
                0x0000000008004408                I2C2_ER_IRQHandler
                0x0000000008004408                DMA2_Stream1_IRQHandler
                0x0000000008004408                FLASH_IRQHandler
                0x0000000008004408                DMA2_Stream4_IRQHandler
                0x0000000008004408                OTG_FS_IRQHandler
                0x0000000008004408                SPI3_IRQHandler
                0x0000000008004408                DMA1_Stream4_IRQHandler
                0x0000000008004408                I2C1_ER_IRQHandler
                0x0000000008004408                DMA2_Stream6_IRQHandler
                0x0000000008004408                DMA1_Stream3_IRQHandler
 *fill*         0x000000000800440a        0x2 
 .text.HAL_Init
                0x000000000800440c       0x44 ./Drivers/STM32F4xx_HAL_Driver/Src/stm32f4xx_hal.o
                0x000000000800440c                HAL_Init
 .text.HAL_IncTick
                0x0000000008004450       0x28 ./Drivers/STM32F4xx_HAL_Driver/Src/stm32f4xx_hal.o
                0x0000000008004450                HAL_IncTick
 .text.HAL_GetTick
                0x0000000008004478       0x18 ./Drivers/STM32F4xx_HAL_Driver/Src/stm32f4xx_hal.o
                0x0000000008004478                HAL_GetTick
 .text.HAL_Delay
                0x0000000008004490       0x48 ./Drivers/STM32F4xx_HAL_Driver/Src/stm32f4xx_hal.o
                0x0000000008004490                HAL_Delay
 .text.__NVIC_SetPriorityGrouping
                0x00000000080044d8       0x48 ./Drivers/STM32F4xx_HAL_Driver/Src/stm32f4xx_hal_cortex.o
 .text.__NVIC_GetPriorityGrouping
                0x0000000008004520       0x1c ./Drivers/STM32F4xx_HAL_Driver/Src/stm32f4xx_hal_cortex.o
 .text.__NVIC_EnableIRQ
                0x000000000800453c       0x3c ./Drivers/STM32F4xx_HAL_Driver/Src/stm32f4xx_hal_cortex.o
 .text.__NVIC_SetPriority
                0x0000000008004578       0x54 ./Drivers/STM32F4xx_HAL_Driver/Src/stm32f4xx_hal_cortex.o
 .text.NVIC_EncodePriority
                0x00000000080045cc       0x66 ./Drivers/STM32F4xx_HAL_Driver/Src/stm32f4xx_hal_cortex.o
 .text.HAL_NVIC_SetPriorityGrouping
                0x0000000008004632       0x16 ./Drivers/STM32F4xx_HAL_Driver/Src/stm32f4xx_hal_cortex.o
                0x0000000008004632                HAL_NVIC_SetPriorityGrouping
 .text.HAL_NVIC_SetPriority
                0x0000000008004648       0x38 ./Drivers/STM32F4xx_HAL_Driver/Src/stm32f4xx_hal_cortex.o
                0x0000000008004648                HAL_NVIC_SetPriority
 .text.HAL_NVIC_EnableIRQ
                0x0000000008004680       0x1c ./Drivers/STM32F4xx_HAL_Driver/Src/stm32f4xx_hal_cortex.o
                0x0000000008004680                HAL_NVIC_EnableIRQ
 .text.HAL_DMA_Abort
                0x000000000800469c       0xe0 ./Drivers/STM32F4xx_HAL_Driver/Src/stm32f4xx_hal_dma.o
                0x000000000800469c                HAL_DMA_Abort
 .text.HAL_DMA_Abort_IT
                0x000000000800477c       0x44 ./Drivers/STM32F4xx_HAL_Driver/Src/stm32f4xx_hal_dma.o
                0x000000000800477c                HAL_DMA_Abort_IT
 .text.HAL_GPIO_Init
                0x00000000080047c0      0x308 ./Drivers/STM32F4xx_HAL_Driver/Src/stm32f4xx_hal_gpio.o
                0x00000000080047c0                HAL_GPIO_Init
 .text.HAL_GPIO_ReadPin
                0x0000000008004ac8       0x30 ./Drivers/STM32F4xx_HAL_Driver/Src/stm32f4xx_hal_gpio.o
                0x0000000008004ac8                HAL_GPIO_ReadPin
 .text.HAL_GPIO_WritePin
                0x0000000008004af8       0x32 ./Drivers/STM32F4xx_HAL_Driver/Src/stm32f4xx_hal_gpio.o
                0x0000000008004af8                HAL_GPIO_WritePin
 *fill*         0x0000000008004b2a        0x2 
 .text.HAL_GPIO_EXTI_IRQHandler
                0x0000000008004b2c       0x30 ./Drivers/STM32F4xx_HAL_Driver/Src/stm32f4xx_hal_gpio.o
                0x0000000008004b2c                HAL_GPIO_EXTI_IRQHandler
 .text.HAL_I2C_Init
                0x0000000008004b5c      0x288 ./Drivers/STM32F4xx_HAL_Driver/Src/stm32f4xx_hal_i2c.o
                0x0000000008004b5c                HAL_I2C_Init
 .text.HAL_I2C_Master_Transmit
                0x0000000008004de4      0x1fc ./Drivers/STM32F4xx_HAL_Driver/Src/stm32f4xx_hal_i2c.o
                0x0000000008004de4                HAL_I2C_Master_Transmit
 .text.HAL_I2C_Master_Receive
                0x0000000008004fe0      0x44c ./Drivers/STM32F4xx_HAL_Driver/Src/stm32f4xx_hal_i2c.o
                0x0000000008004fe0                HAL_I2C_Master_Receive
 .text.I2C_MasterRequestWrite
                0x000000000800542c      0x104 ./Drivers/STM32F4xx_HAL_Driver/Src/stm32f4xx_hal_i2c.o
 .text.I2C_MasterRequestRead
                0x0000000008005530      0x19c ./Drivers/STM32F4xx_HAL_Driver/Src/stm32f4xx_hal_i2c.o
 .text.I2C_WaitOnFlagUntilTimeout
                0x00000000080056cc       0xae ./Drivers/STM32F4xx_HAL_Driver/Src/stm32f4xx_hal_i2c.o
 .text.I2C_WaitOnMasterAddressFlagUntilTimeout
                0x000000000800577a       0xfe ./Drivers/STM32F4xx_HAL_Driver/Src/stm32f4xx_hal_i2c.o
 .text.I2C_WaitOnTXEFlagUntilTimeout
                0x0000000008005878       0x82 ./Drivers/STM32F4xx_HAL_Driver/Src/stm32f4xx_hal_i2c.o
 .text.I2C_WaitOnBTFFlagUntilTimeout
                0x00000000080058fa       0x82 ./Drivers/STM32F4xx_HAL_Driver/Src/stm32f4xx_hal_i2c.o
 .text.I2C_WaitOnRXNEFlagUntilTimeout
                0x000000000800597c       0xac ./Drivers/STM32F4xx_HAL_Driver/Src/stm32f4xx_hal_i2c.o
 .text.I2C_IsAcknowledgeFailed
                0x0000000008005a28       0x5e ./Drivers/STM32F4xx_HAL_Driver/Src/stm32f4xx_hal_i2c.o
 *fill*         0x0000000008005a86        0x2 
 .text.HAL_RCC_OscConfig
                0x0000000008005a88      0x4f0 ./Drivers/STM32F4xx_HAL_Driver/Src/stm32f4xx_hal_rcc.o
                0x0000000008005a88                HAL_RCC_OscConfig
 .text.HAL_RCC_ClockConfig
                0x0000000008005f78      0x1cc ./Drivers/STM32F4xx_HAL_Driver/Src/stm32f4xx_hal_rcc.o
                0x0000000008005f78                HAL_RCC_ClockConfig
 .text.HAL_RCC_GetSysClockFreq
                0x0000000008006144      0x20c ./Drivers/STM32F4xx_HAL_Driver/Src/stm32f4xx_hal_rcc.o
                0x0000000008006144                HAL_RCC_GetSysClockFreq
 .text.HAL_RCC_GetHCLKFreq
                0x0000000008006350       0x18 ./Drivers/STM32F4xx_HAL_Driver/Src/stm32f4xx_hal_rcc.o
                0x0000000008006350                HAL_RCC_GetHCLKFreq
 .text.HAL_RCC_GetPCLK1Freq
                0x0000000008006368       0x28 ./Drivers/STM32F4xx_HAL_Driver/Src/stm32f4xx_hal_rcc.o
                0x0000000008006368                HAL_RCC_GetPCLK1Freq
 .text.HAL_RCC_GetPCLK2Freq
                0x0000000008006390       0x28 ./Drivers/STM32F4xx_HAL_Driver/Src/stm32f4xx_hal_rcc.o
                0x0000000008006390                HAL_RCC_GetPCLK2Freq
 .text.HAL_RCC_GetClockConfig
                0x00000000080063b8       0x64 ./Drivers/STM32F4xx_HAL_Driver/Src/stm32f4xx_hal_rcc.o
                0x00000000080063b8                HAL_RCC_GetClockConfig
 .text.HAL_RCCEx_PeriphCLKConfig
                0x000000000800641c      0x1dc ./Drivers/STM32F4xx_HAL_Driver/Src/stm32f4xx_hal_rcc_ex.o
                0x000000000800641c                HAL_RCCEx_PeriphCLKConfig
 .text.HAL_RTC_Init
                0x00000000080065f8       0xec ./Drivers/STM32F4xx_HAL_Driver/Src/stm32f4xx_hal_rtc.o
                0x00000000080065f8                HAL_RTC_Init
 .text.HAL_RTC_SetTime
                0x00000000080066e4      0x134 ./Drivers/STM32F4xx_HAL_Driver/Src/stm32f4xx_hal_rtc.o
                0x00000000080066e4                HAL_RTC_SetTime
 .text.HAL_RTC_GetTime
                0x0000000008006818       0xbc ./Drivers/STM32F4xx_HAL_Driver/Src/stm32f4xx_hal_rtc.o
                0x0000000008006818                HAL_RTC_GetTime
 .text.HAL_RTC_SetDate
                0x00000000080068d4      0x108 ./Drivers/STM32F4xx_HAL_Driver/Src/stm32f4xx_hal_rtc.o
                0x00000000080068d4                HAL_RTC_SetDate
 .text.HAL_RTC_GetDate
                0x00000000080069dc       0x9e ./Drivers/STM32F4xx_HAL_Driver/Src/stm32f4xx_hal_rtc.o
                0x00000000080069dc                HAL_RTC_GetDate
 .text.HAL_RTC_WaitForSynchro
                0x0000000008006a7a       0x50 ./Drivers/STM32F4xx_HAL_Driver/Src/stm32f4xx_hal_rtc.o
                0x0000000008006a7a                HAL_RTC_WaitForSynchro
 .text.RTC_EnterInitMode
                0x0000000008006aca       0x6e ./Drivers/STM32F4xx_HAL_Driver/Src/stm32f4xx_hal_rtc.o
                0x0000000008006aca                RTC_EnterInitMode
 .text.RTC_ExitInitMode
                0x0000000008006b38       0x4a ./Drivers/STM32F4xx_HAL_Driver/Src/stm32f4xx_hal_rtc.o
                0x0000000008006b38                RTC_ExitInitMode
 .text.RTC_ByteToBcd2
                0x0000000008006b82       0x3a ./Drivers/STM32F4xx_HAL_Driver/Src/stm32f4xx_hal_rtc.o
                0x0000000008006b82                RTC_ByteToBcd2
 .text.RTC_Bcd2ToByte
                0x0000000008006bbc       0x38 ./Drivers/STM32F4xx_HAL_Driver/Src/stm32f4xx_hal_rtc.o
                0x0000000008006bbc                RTC_Bcd2ToByte
 .text.HAL_RTCEx_BKUPWrite
                0x0000000008006bf4       0x34 ./Drivers/STM32F4xx_HAL_Driver/Src/stm32f4xx_hal_rtc_ex.o
                0x0000000008006bf4                HAL_RTCEx_BKUPWrite
 .text.HAL_RTCEx_BKUPRead
                0x0000000008006c28       0x30 ./Drivers/STM32F4xx_HAL_Driver/Src/stm32f4xx_hal_rtc_ex.o
                0x0000000008006c28                HAL_RTCEx_BKUPRead
 .text.HAL_SPI_Init
                0x0000000008006c58      0x112 ./Drivers/STM32F4xx_HAL_Driver/Src/stm32f4xx_hal_spi.o
                0x0000000008006c58                HAL_SPI_Init
 .text.HAL_SPI_Transmit
                0x0000000008006d6a      0x278 ./Drivers/STM32F4xx_HAL_Driver/Src/stm32f4xx_hal_spi.o
                0x0000000008006d6a                HAL_SPI_Transmit
 .text.HAL_SPI_TransmitReceive
                0x0000000008006fe2      0x344 ./Drivers/STM32F4xx_HAL_Driver/Src/stm32f4xx_hal_spi.o
                0x0000000008006fe2                HAL_SPI_TransmitReceive
 .text.HAL_SPI_GetState
                0x0000000008007326       0x1c ./Drivers/STM32F4xx_HAL_Driver/Src/stm32f4xx_hal_spi.o
                0x0000000008007326                HAL_SPI_GetState
 *fill*         0x0000000008007342        0x2 
 .text.SPI_WaitFlagStateUntilTimeout
                0x0000000008007344      0x110 ./Drivers/STM32F4xx_HAL_Driver/Src/stm32f4xx_hal_spi.o
 .text.SPI_EndRxTxTransaction
                0x0000000008007454       0x84 ./Drivers/STM32F4xx_HAL_Driver/Src/stm32f4xx_hal_spi.o
 .text.HAL_TIM_Base_Init
                0x00000000080074d8       0x9e ./Drivers/STM32F4xx_HAL_Driver/Src/stm32f4xx_hal_tim.o
                0x00000000080074d8                HAL_TIM_Base_Init
 *fill*         0x0000000008007576        0x2 
 .text.HAL_TIM_Base_Start
                0x0000000008007578       0xb4 ./Drivers/STM32F4xx_HAL_Driver/Src/stm32f4xx_hal_tim.o
                0x0000000008007578                HAL_TIM_Base_Start
 .text.HAL_TIM_Base_Start_IT
                0x000000000800762c       0xc4 ./Drivers/STM32F4xx_HAL_Driver/Src/stm32f4xx_hal_tim.o
                0x000000000800762c                HAL_TIM_Base_Start_IT
 .text.HAL_TIM_IRQHandler
                0x00000000080076f0      0x210 ./Drivers/STM32F4xx_HAL_Driver/Src/stm32f4xx_hal_tim.o
                0x00000000080076f0                HAL_TIM_IRQHandler
 .text.HAL_TIM_ConfigClockSource
                0x0000000008007900      0x18e ./Drivers/STM32F4xx_HAL_Driver/Src/stm32f4xx_hal_tim.o
                0x0000000008007900                HAL_TIM_ConfigClockSource
 .text.HAL_TIM_OC_DelayElapsedCallback
                0x0000000008007a8e       0x14 ./Drivers/STM32F4xx_HAL_Driver/Src/stm32f4xx_hal_tim.o
                0x0000000008007a8e                HAL_TIM_OC_DelayElapsedCallback
 .text.HAL_TIM_IC_CaptureCallback
                0x0000000008007aa2       0x14 ./Drivers/STM32F4xx_HAL_Driver/Src/stm32f4xx_hal_tim.o
                0x0000000008007aa2                HAL_TIM_IC_CaptureCallback
 .text.HAL_TIM_PWM_PulseFinishedCallback
                0x0000000008007ab6       0x14 ./Drivers/STM32F4xx_HAL_Driver/Src/stm32f4xx_hal_tim.o
                0x0000000008007ab6                HAL_TIM_PWM_PulseFinishedCallback
 .text.HAL_TIM_TriggerCallback
                0x0000000008007aca       0x14 ./Drivers/STM32F4xx_HAL_Driver/Src/stm32f4xx_hal_tim.o
                0x0000000008007aca                HAL_TIM_TriggerCallback
 *fill*         0x0000000008007ade        0x2 
 .text.TIM_Base_SetConfig
                0x0000000008007ae0      0x100 ./Drivers/STM32F4xx_HAL_Driver/Src/stm32f4xx_hal_tim.o
                0x0000000008007ae0                TIM_Base_SetConfig
 .text.TIM_TI1_ConfigInputStage
                0x0000000008007be0       0x5e ./Drivers/STM32F4xx_HAL_Driver/Src/stm32f4xx_hal_tim.o
 .text.TIM_TI2_ConfigInputStage
                0x0000000008007c3e       0x60 ./Drivers/STM32F4xx_HAL_Driver/Src/stm32f4xx_hal_tim.o
 .text.TIM_ITRx_SetConfig
                0x0000000008007c9e       0x36 ./Drivers/STM32F4xx_HAL_Driver/Src/stm32f4xx_hal_tim.o
 .text.TIM_ETR_SetConfig
                0x0000000008007cd4       0x40 ./Drivers/STM32F4xx_HAL_Driver/Src/stm32f4xx_hal_tim.o
                0x0000000008007cd4                TIM_ETR_SetConfig
 .text.HAL_TIMEx_MasterConfigSynchronization
                0x0000000008007d14       0xdc ./Drivers/STM32F4xx_HAL_Driver/Src/stm32f4xx_hal_tim_ex.o
                0x0000000008007d14                HAL_TIMEx_MasterConfigSynchronization
 .text.HAL_TIMEx_CommutCallback
                0x0000000008007df0       0x14 ./Drivers/STM32F4xx_HAL_Driver/Src/stm32f4xx_hal_tim_ex.o
                0x0000000008007df0                HAL_TIMEx_CommutCallback
 .text.HAL_TIMEx_BreakCallback
                0x0000000008007e04       0x14 ./Drivers/STM32F4xx_HAL_Driver/Src/stm32f4xx_hal_tim_ex.o
                0x0000000008007e04                HAL_TIMEx_BreakCallback
 .text.HAL_UART_Init
                0x0000000008007e18       0x9a ./Drivers/STM32F4xx_HAL_Driver/Src/stm32f4xx_hal_uart.o
                0x0000000008007e18                HAL_UART_Init
 .text.HAL_UART_Transmit
                0x0000000008007eb2      0x124 ./Drivers/STM32F4xx_HAL_Driver/Src/stm32f4xx_hal_uart.o
                0x0000000008007eb2                HAL_UART_Transmit
 .text.HAL_UARTEx_ReceiveToIdle_IT
                0x0000000008007fd6       0xca ./Drivers/STM32F4xx_HAL_Driver/Src/stm32f4xx_hal_uart.o
                0x0000000008007fd6                HAL_UARTEx_ReceiveToIdle_IT
 .text.HAL_UART_IRQHandler
                0x00000000080080a0      0x51c ./Drivers/STM32F4xx_HAL_Driver/Src/stm32f4xx_hal_uart.o
                0x00000000080080a0                HAL_UART_IRQHandler
 .text.HAL_UART_TxCpltCallback
                0x00000000080085bc       0x14 ./Drivers/STM32F4xx_HAL_Driver/Src/stm32f4xx_hal_uart.o
                0x00000000080085bc                HAL_UART_TxCpltCallback
 .text.HAL_UART_RxCpltCallback
                0x00000000080085d0       0x14 ./Drivers/STM32F4xx_HAL_Driver/Src/stm32f4xx_hal_uart.o
                0x00000000080085d0                HAL_UART_RxCpltCallback
 .text.HAL_UART_ErrorCallback
                0x00000000080085e4       0x14 ./Drivers/STM32F4xx_HAL_Driver/Src/stm32f4xx_hal_uart.o
                0x00000000080085e4                HAL_UART_ErrorCallback
 .text.UART_WaitOnFlagUntilTimeout
                0x00000000080085f8       0xdc ./Drivers/STM32F4xx_HAL_Driver/Src/stm32f4xx_hal_uart.o
 .text.UART_Start_Receive_IT
                0x00000000080086d4       0x7c ./Drivers/STM32F4xx_HAL_Driver/Src/stm32f4xx_hal_uart.o
                0x00000000080086d4                UART_Start_Receive_IT
 .text.UART_EndRxTransfer
                0x0000000008008750       0xc6 ./Drivers/STM32F4xx_HAL_Driver/Src/stm32f4xx_hal_uart.o
 .text.UART_DMAAbortOnError
                0x0000000008008816       0x28 ./Drivers/STM32F4xx_HAL_Driver/Src/stm32f4xx_hal_uart.o
 .text.UART_Transmit_IT
                0x000000000800883e       0xa0 ./Drivers/STM32F4xx_HAL_Driver/Src/stm32f4xx_hal_uart.o
 .text.UART_EndTransmit_IT
                0x00000000080088de       0x30 ./Drivers/STM32F4xx_HAL_Driver/Src/stm32f4xx_hal_uart.o
 .text.UART_Receive_IT
                0x000000000800890e      0x176 ./Drivers/STM32F4xx_HAL_Driver/Src/stm32f4xx_hal_uart.o
 .text.UART_SetConfig
                0x0000000008008a84      0x4e8 ./Drivers/STM32F4xx_HAL_Driver/Src/stm32f4xx_hal_uart.o
 .text.MX_FATFS_Init
                0x0000000008008f6c       0x24 ./FATFS/App/fatfs.o
                0x0000000008008f6c                MX_FATFS_Init
 .text.get_fattime
                0x0000000008008f90       0x10 ./FATFS/App/fatfs.o
                0x0000000008008f90                get_fattime
 .text.USER_initialize
                0x0000000008008fa0       0x1c ./FATFS/Target/user_diskio.o
                0x0000000008008fa0                USER_initialize
 .text.USER_status
                0x0000000008008fbc       0x1c ./FATFS/Target/user_diskio.o
                0x0000000008008fbc                USER_status
 .text.USER_read
                0x0000000008008fd8       0x26 ./FATFS/Target/user_diskio.o
                0x0000000008008fd8                USER_read
 .text.USER_write
                0x0000000008008ffe       0x26 ./FATFS/Target/user_diskio.o
                0x0000000008008ffe                USER_write
 .text.USER_ioctl
                0x0000000008009024       0x26 ./FATFS/Target/user_diskio.o
                0x0000000008009024                USER_ioctl
 *fill*         0x000000000800904a        0x2 
 .text.disk_status
                0x000000000800904c       0x34 ./Middlewares/Third_Party/FatFs/src/diskio.o
                0x000000000800904c                disk_status
 .text.disk_initialize
                0x0000000008009080       0x4c ./Middlewares/Third_Party/FatFs/src/diskio.o
                0x0000000008009080                disk_initialize
 .text.disk_read
                0x00000000080090cc       0x40 ./Middlewares/Third_Party/FatFs/src/diskio.o
                0x00000000080090cc                disk_read
 .text.disk_write
                0x000000000800910c       0x40 ./Middlewares/Third_Party/FatFs/src/diskio.o
                0x000000000800910c                disk_write
 .text.disk_ioctl
                0x000000000800914c       0x3c ./Middlewares/Third_Party/FatFs/src/diskio.o
                0x000000000800914c                disk_ioctl
 .text.ld_word  0x0000000008009188       0x30 ./Middlewares/Third_Party/FatFs/src/ff.o
 .text.ld_dword
                0x00000000080091b8       0x46 ./Middlewares/Third_Party/FatFs/src/ff.o
 .text.st_word  0x00000000080091fe       0x36 ./Middlewares/Third_Party/FatFs/src/ff.o
 .text.st_dword
                0x0000000008009234       0x58 ./Middlewares/Third_Party/FatFs/src/ff.o
 .text.mem_cpy  0x000000000800928c       0x42 ./Middlewares/Third_Party/FatFs/src/ff.o
 .text.mem_set  0x00000000080092ce       0x36 ./Middlewares/Third_Party/FatFs/src/ff.o
 .text.mem_cmp  0x0000000008009304       0x4e ./Middlewares/Third_Party/FatFs/src/ff.o
 .text.chk_chr  0x0000000008009352       0x36 ./Middlewares/Third_Party/FatFs/src/ff.o
 .text.lock_fs  0x0000000008009388       0x2c ./Middlewares/Third_Party/FatFs/src/ff.o
 .text.unlock_fs
                0x00000000080093b4       0x36 ./Middlewares/Third_Party/FatFs/src/ff.o
 *fill*         0x00000000080093ea        0x2 
 .text.chk_lock
                0x00000000080093ec       0xb8 ./Middlewares/Third_Party/FatFs/src/ff.o
 .text.enq_lock
                0x00000000080094a4       0x44 ./Middlewares/Third_Party/FatFs/src/ff.o
 .text.inc_lock
                0x00000000080094e8      0x11c ./Middlewares/Third_Party/FatFs/src/ff.o
 .text.dec_lock
                0x0000000008009604       0x78 ./Middlewares/Third_Party/FatFs/src/ff.o
 .text.clear_lock
                0x000000000800967c       0x48 ./Middlewares/Third_Party/FatFs/src/ff.o
 .text.sync_window
                0x00000000080096c4       0x88 ./Middlewares/Third_Party/FatFs/src/ff.o
 .text.move_window
                0x000000000800974c       0x5a ./Middlewares/Third_Party/FatFs/src/ff.o
 *fill*         0x00000000080097a6        0x2 
 .text.sync_fs  0x00000000080097a8       0xdc ./Middlewares/Third_Party/FatFs/src/ff.o
 .text.clust2sect
                0x0000000008009884       0x3e ./Middlewares/Third_Party/FatFs/src/ff.o
 .text.get_fat  0x00000000080098c2      0x150 ./Middlewares/Third_Party/FatFs/src/ff.o
 .text.put_fat  0x0000000008009a12      0x1d8 ./Middlewares/Third_Party/FatFs/src/ff.o
 .text.remove_chain
                0x0000000008009bea       0xca ./Middlewares/Third_Party/FatFs/src/ff.o
 .text.create_chain
                0x0000000008009cb4      0x130 ./Middlewares/Third_Party/FatFs/src/ff.o
 .text.clmt_clust
                0x0000000008009de4       0x68 ./Middlewares/Third_Party/FatFs/src/ff.o
 .text.dir_sdi  0x0000000008009e4c       0xf6 ./Middlewares/Third_Party/FatFs/src/ff.o
 .text.dir_next
                0x0000000008009f42      0x18a ./Middlewares/Third_Party/FatFs/src/ff.o
 .text.dir_alloc
                0x000000000800a0cc       0x8e ./Middlewares/Third_Party/FatFs/src/ff.o
 .text.ld_clust
                0x000000000800a15a       0x3e ./Middlewares/Third_Party/FatFs/src/ff.o
 .text.st_clust
                0x000000000800a198       0x40 ./Middlewares/Third_Party/FatFs/src/ff.o
 .text.dir_find
                0x000000000800a1d8       0xaa ./Middlewares/Third_Party/FatFs/src/ff.o
 .text.dir_register
                0x000000000800a282       0x64 ./Middlewares/Third_Party/FatFs/src/ff.o
 *fill*         0x000000000800a2e6        0x2 
 .text.create_name
                0x000000000800a2e8      0x128 ./Middlewares/Third_Party/FatFs/src/ff.o
 .text.follow_path
                0x000000000800a410       0xe2 ./Middlewares/Third_Party/FatFs/src/ff.o
 .text.get_ldnumber
                0x000000000800a4f2       0x88 ./Middlewares/Third_Party/FatFs/src/ff.o
 *fill*         0x000000000800a57a        0x2 
 .text.check_fs
                0x000000000800a57c       0xac ./Middlewares/Third_Party/FatFs/src/ff.o
 .text.find_volume
                0x000000000800a628      0x4a8 ./Middlewares/Third_Party/FatFs/src/ff.o
 .text.validate
                0x000000000800aad0       0x8e ./Middlewares/Third_Party/FatFs/src/ff.o
 *fill*         0x000000000800ab5e        0x2 
 .text.f_mount  0x000000000800ab60       0xc8 ./Middlewares/Third_Party/FatFs/src/ff.o
                0x000000000800ab60                f_mount
 .text.f_open   0x000000000800ac28      0x38a ./Middlewares/Third_Party/FatFs/src/ff.o
                0x000000000800ac28                f_open
 .text.f_read   0x000000000800afb2      0x2dc ./Middlewares/Third_Party/FatFs/src/ff.o
                0x000000000800afb2                f_read
 .text.f_sync   0x000000000800b28e      0x112 ./Middlewares/Third_Party/FatFs/src/ff.o
                0x000000000800b28e                f_sync
 .text.f_close  0x000000000800b3a0       0x5e ./Middlewares/Third_Party/FatFs/src/ff.o
                0x000000000800b3a0                f_close
 .text.f_gets   0x000000000800b3fe       0x7a ./Middlewares/Third_Party/FatFs/src/ff.o
                0x000000000800b3fe                f_gets
 .text.FATFS_LinkDriverEx
                0x000000000800b478       0x98 ./Middlewares/Third_Party/FatFs/src/ff_gen_drv.o
                0x000000000800b478                FATFS_LinkDriverEx
 .text.FATFS_LinkDriver
                0x000000000800b510       0x1e ./Middlewares/Third_Party/FatFs/src/ff_gen_drv.o
                0x000000000800b510                FATFS_LinkDriver
 .text.ff_cre_syncobj
                0x000000000800b52e       0x40 ./Middlewares/Third_Party/FatFs/src/option/syscall.o
                0x000000000800b52e                ff_cre_syncobj
 .text.ff_del_syncobj
                0x000000000800b56e       0x18 ./Middlewares/Third_Party/FatFs/src/option/syscall.o
                0x000000000800b56e                ff_del_syncobj
 .text.ff_req_grant
                0x000000000800b586       0x2a ./Middlewares/Third_Party/FatFs/src/option/syscall.o
                0x000000000800b586                ff_req_grant
 .text.ff_rel_grant
                0x000000000800b5b0       0x16 ./Middlewares/Third_Party/FatFs/src/option/syscall.o
                0x000000000800b5b0                ff_rel_grant
 .text.makeFreeRtosPriority
                0x000000000800b5c6       0x30 ./Middlewares/Third_Party/FreeRTOS/Source/CMSIS_RTOS/cmsis_os.o
 .text.inHandlerMode
                0x000000000800b5f6       0x24 ./Middlewares/Third_Party/FreeRTOS/Source/CMSIS_RTOS/cmsis_os.o
 .text.osKernelStart
                0x000000000800b61a        0xe ./Middlewares/Third_Party/FreeRTOS/Source/CMSIS_RTOS/cmsis_os.o
                0x000000000800b61a                osKernelStart
 .text.osThreadCreate
                0x000000000800b628       0x98 ./Middlewares/Third_Party/FreeRTOS/Source/CMSIS_RTOS/cmsis_os.o
                0x000000000800b628                osThreadCreate
 .text.osDelay  0x000000000800b6c0       0x28 ./Middlewares/Third_Party/FreeRTOS/Source/CMSIS_RTOS/cmsis_os.o
                0x000000000800b6c0                osDelay
 .text.osSemaphoreCreate
                0x000000000800b6e8       0x64 ./Middlewares/Third_Party/FreeRTOS/Source/CMSIS_RTOS/cmsis_os.o
                0x000000000800b6e8                osSemaphoreCreate
 .text.osSemaphoreWait
                0x000000000800b74c       0x9c ./Middlewares/Third_Party/FreeRTOS/Source/CMSIS_RTOS/cmsis_os.o
                0x000000000800b74c                osSemaphoreWait
 .text.osSemaphoreRelease
                0x000000000800b7e8       0x6c ./Middlewares/Third_Party/FreeRTOS/Source/CMSIS_RTOS/cmsis_os.o
                0x000000000800b7e8                osSemaphoreRelease
 .text.osSemaphoreDelete
                0x000000000800b854       0x26 ./Middlewares/Third_Party/FreeRTOS/Source/CMSIS_RTOS/cmsis_os.o
                0x000000000800b854                osSemaphoreDelete
 .text.vListInitialise
                0x000000000800b87a       0x40 ./Middlewares/Third_Party/FreeRTOS/Source/list.o
                0x000000000800b87a                vListInitialise
 .text.vListInitialiseItem
                0x000000000800b8ba       0x1a ./Middlewares/Third_Party/FreeRTOS/Source/list.o
                0x000000000800b8ba                vListInitialiseItem
 .text.vListInsertEnd
                0x000000000800b8d4       0x48 ./Middlewares/Third_Party/FreeRTOS/Source/list.o
                0x000000000800b8d4                vListInsertEnd
 .text.vListInsert
                0x000000000800b91c       0x72 ./Middlewares/Third_Party/FreeRTOS/Source/list.o
                0x000000000800b91c                vListInsert
 .text.uxListRemove
                0x000000000800b98e       0x54 ./Middlewares/Third_Party/FreeRTOS/Source/list.o
                0x000000000800b98e                uxListRemove
 *fill*         0x000000000800b9e2        0x2 
 .text.xQueueGenericReset
                0x000000000800b9e4       0xd0 ./Middlewares/Third_Party/FreeRTOS/Source/queue.o
                0x000000000800b9e4                xQueueGenericReset
 .text.xQueueGenericCreateStatic
                0x000000000800bab4       0xf0 ./Middlewares/Third_Party/FreeRTOS/Source/queue.o
                0x000000000800bab4                xQueueGenericCreateStatic
 .text.xQueueGenericCreate
                0x000000000800bba4       0x74 ./Middlewares/Third_Party/FreeRTOS/Source/queue.o
                0x000000000800bba4                xQueueGenericCreate
 .text.prvInitialiseNewQueue
                0x000000000800bc18       0x3e ./Middlewares/Third_Party/FreeRTOS/Source/queue.o
 *fill*         0x000000000800bc56        0x2 
 .text.xQueueGenericSend
                0x000000000800bc58      0x1fc ./Middlewares/Third_Party/FreeRTOS/Source/queue.o
                0x000000000800bc58                xQueueGenericSend
 .text.xQueueGiveFromISR
                0x000000000800be54      0x11a ./Middlewares/Third_Party/FreeRTOS/Source/queue.o
                0x000000000800be54                xQueueGiveFromISR
 *fill*         0x000000000800bf6e        0x2 
 .text.xQueueSemaphoreTake
                0x000000000800bf70      0x218 ./Middlewares/Third_Party/FreeRTOS/Source/queue.o
                0x000000000800bf70                xQueueSemaphoreTake
 .text.xQueueReceiveFromISR
                0x000000000800c188      0x100 ./Middlewares/Third_Party/FreeRTOS/Source/queue.o
                0x000000000800c188                xQueueReceiveFromISR
 .text.vQueueDelete
                0x000000000800c288       0x46 ./Middlewares/Third_Party/FreeRTOS/Source/queue.o
                0x000000000800c288                vQueueDelete
 .text.prvGetDisinheritPriorityAfterTimeout
                0x000000000800c2ce       0x30 ./Middlewares/Third_Party/FreeRTOS/Source/queue.o
 .text.prvCopyDataToQueue
                0x000000000800c2fe       0xd4 ./Middlewares/Third_Party/FreeRTOS/Source/queue.o
 .text.prvCopyDataFromQueue
                0x000000000800c3d2       0x4c ./Middlewares/Third_Party/FreeRTOS/Source/queue.o
 .text.prvUnlockQueue
                0x000000000800c41e       0xa4 ./Middlewares/Third_Party/FreeRTOS/Source/queue.o
 .text.prvIsQueueEmpty
                0x000000000800c4c2       0x2c ./Middlewares/Third_Party/FreeRTOS/Source/queue.o
 .text.prvIsQueueFull
                0x000000000800c4ee       0x30 ./Middlewares/Third_Party/FreeRTOS/Source/queue.o
 *fill*         0x000000000800c51e        0x2 
 .text.vQueueUnregisterQueue
                0x000000000800c520       0x54 ./Middlewares/Third_Party/FreeRTOS/Source/queue.o
                0x000000000800c520                vQueueUnregisterQueue
 .text.xTaskCreateStatic
                0x000000000800c574       0xba ./Middlewares/Third_Party/FreeRTOS/Source/tasks.o
                0x000000000800c574                xTaskCreateStatic
 .text.xTaskCreate
                0x000000000800c62e       0x8a ./Middlewares/Third_Party/FreeRTOS/Source/tasks.o
                0x000000000800c62e                xTaskCreate
 .text.prvInitialiseNewTask
                0x000000000800c6b8      0x13c ./Middlewares/Third_Party/FreeRTOS/Source/tasks.o
 .text.prvAddNewTaskToReadyList
                0x000000000800c7f4       0xd4 ./Middlewares/Third_Party/FreeRTOS/Source/tasks.o
 .text.vTaskDelay
                0x000000000800c8c8       0x68 ./Middlewares/Third_Party/FreeRTOS/Source/tasks.o
                0x000000000800c8c8                vTaskDelay
 .text.vTaskStartScheduler
                0x000000000800c930       0xd4 ./Middlewares/Third_Party/FreeRTOS/Source/tasks.o
                0x000000000800c930                vTaskStartScheduler
 .text.vTaskSuspendAll
                0x000000000800ca04       0x1c ./Middlewares/Third_Party/FreeRTOS/Source/tasks.o
                0x000000000800ca04                vTaskSuspendAll
 .text.xTaskResumeAll
                0x000000000800ca20      0x138 ./Middlewares/Third_Party/FreeRTOS/Source/tasks.o
                0x000000000800ca20                xTaskResumeAll
 .text.xTaskIncrementTick
                0x000000000800cb58      0x170 ./Middlewares/Third_Party/FreeRTOS/Source/tasks.o
                0x000000000800cb58                xTaskIncrementTick
 .text.vTaskSwitchContext
                0x000000000800ccc8       0xc4 ./Middlewares/Third_Party/FreeRTOS/Source/tasks.o
                0x000000000800ccc8                vTaskSwitchContext
 .text.vTaskPlaceOnEventList
                0x000000000800cd8c       0x48 ./Middlewares/Third_Party/FreeRTOS/Source/tasks.o
                0x000000000800cd8c                vTaskPlaceOnEventList
 .text.xTaskRemoveFromEventList
                0x000000000800cdd4       0xc4 ./Middlewares/Third_Party/FreeRTOS/Source/tasks.o
                0x000000000800cdd4                xTaskRemoveFromEventList
 .text.vTaskInternalSetTimeOutState
                0x000000000800ce98       0x2c ./Middlewares/Third_Party/FreeRTOS/Source/tasks.o
                0x000000000800ce98                vTaskInternalSetTimeOutState
 .text.xTaskCheckForTimeOut
                0x000000000800cec4       0xc4 ./Middlewares/Third_Party/FreeRTOS/Source/tasks.o
                0x000000000800cec4                xTaskCheckForTimeOut
 .text.vTaskMissedYield
                0x000000000800cf88       0x18 ./Middlewares/Third_Party/FreeRTOS/Source/tasks.o
                0x000000000800cf88                vTaskMissedYield
 .text.prvIdleTask
                0x000000000800cfa0       0x30 ./Middlewares/Third_Party/FreeRTOS/Source/tasks.o
 .text.prvInitialiseTaskLists
                0x000000000800cfd0       0x80 ./Middlewares/Third_Party/FreeRTOS/Source/tasks.o
 .text.prvCheckTasksWaitingTermination
                0x000000000800d050       0x5c ./Middlewares/Third_Party/FreeRTOS/Source/tasks.o
 .text.prvDeleteTCB
                0x000000000800d0ac       0x68 ./Middlewares/Third_Party/FreeRTOS/Source/tasks.o
 .text.prvResetNextTaskUnblockTime
                0x000000000800d114       0x40 ./Middlewares/Third_Party/FreeRTOS/Source/tasks.o
 .text.xTaskGetSchedulerState
                0x000000000800d154       0x3c ./Middlewares/Third_Party/FreeRTOS/Source/tasks.o
                0x000000000800d154                xTaskGetSchedulerState
 .text.xTaskPriorityInherit
                0x000000000800d190       0xec ./Middlewares/Third_Party/FreeRTOS/Source/tasks.o
                0x000000000800d190                xTaskPriorityInherit
 .text.xTaskPriorityDisinherit
                0x000000000800d27c      0x10c ./Middlewares/Third_Party/FreeRTOS/Source/tasks.o
                0x000000000800d27c                xTaskPriorityDisinherit
 .text.vTaskPriorityDisinheritAfterTimeout
                0x000000000800d388      0x11c ./Middlewares/Third_Party/FreeRTOS/Source/tasks.o
                0x000000000800d388                vTaskPriorityDisinheritAfterTimeout
 .text.pvTaskIncrementMutexHeldCount
                0x000000000800d4a4       0x28 ./Middlewares/Third_Party/FreeRTOS/Source/tasks.o
                0x000000000800d4a4                pvTaskIncrementMutexHeldCount
 .text.prvAddCurrentTaskToDelayedList
                0x000000000800d4cc       0xcc ./Middlewares/Third_Party/FreeRTOS/Source/tasks.o
 .text.pxPortInitialiseStack
                0x000000000800d598       0x68 ./Middlewares/Third_Party/FreeRTOS/Source/portable/GCC/ARM_CM4F/port.o
                0x000000000800d598                pxPortInitialiseStack
 .text.prvTaskExitError
                0x000000000800d600       0x58 ./Middlewares/Third_Party/FreeRTOS/Source/portable/GCC/ARM_CM4F/port.o
 *fill*         0x000000000800d658        0x8 
 .text.SVC_Handler
                0x000000000800d660       0x28 ./Middlewares/Third_Party/FreeRTOS/Source/portable/GCC/ARM_CM4F/port.o
                0x000000000800d660                SVC_Handler
 .text.prvPortStartFirstTask
                0x000000000800d688       0x28 ./Middlewares/Third_Party/FreeRTOS/Source/portable/GCC/ARM_CM4F/port.o
 .text.xPortStartScheduler
                0x000000000800d6b0      0x144 ./Middlewares/Third_Party/FreeRTOS/Source/portable/GCC/ARM_CM4F/port.o
                0x000000000800d6b0                xPortStartScheduler
 .text.vPortEnterCritical
                0x000000000800d7f4       0x60 ./Middlewares/Third_Party/FreeRTOS/Source/portable/GCC/ARM_CM4F/port.o
                0x000000000800d7f4                vPortEnterCritical
 .text.vPortExitCritical
                0x000000000800d854       0x54 ./Middlewares/Third_Party/FreeRTOS/Source/portable/GCC/ARM_CM4F/port.o
                0x000000000800d854                vPortExitCritical
 *fill*         0x000000000800d8a8        0x8 
 .text.PendSV_Handler
                0x000000000800d8b0       0x68 ./Middlewares/Third_Party/FreeRTOS/Source/portable/GCC/ARM_CM4F/port.o
                0x000000000800d8b0                PendSV_Handler
 .text.SysTick_Handler
                0x000000000800d918       0x44 ./Middlewares/Third_Party/FreeRTOS/Source/portable/GCC/ARM_CM4F/port.o
                0x000000000800d918                SysTick_Handler
 .text.vPortSetupTimerInterrupt
                0x000000000800d95c       0x48 ./Middlewares/Third_Party/FreeRTOS/Source/portable/GCC/ARM_CM4F/port.o
                0x000000000800d95c                vPortSetupTimerInterrupt
 .text.vPortEnableVFP
                0x000000000800d9a4       0x14 ./Middlewares/Third_Party/FreeRTOS/Source/portable/GCC/ARM_CM4F/port.o
 .text.vPortValidateInterruptPriority
                0x000000000800d9b8       0x80 ./Middlewares/Third_Party/FreeRTOS/Source/portable/GCC/ARM_CM4F/port.o
                0x000000000800d9b8                vPortValidateInterruptPriority
 .text.pvPortMalloc
                0x000000000800da38      0x198 ./Middlewares/Third_Party/FreeRTOS/Source/portable/MemMang/heap_4.o
                0x000000000800da38                pvPortMalloc
 .text.vPortFree
                0x000000000800dbd0       0xc4 ./Middlewares/Third_Party/FreeRTOS/Source/portable/MemMang/heap_4.o
                0x000000000800dbd0                vPortFree
 .text.prvHeapInit
                0x000000000800dc94       0xc4 ./Middlewares/Third_Party/FreeRTOS/Source/portable/MemMang/heap_4.o
 .text.prvInsertBlockIntoFreeList
                0x000000000800dd58       0xb4 ./Middlewares/Third_Party/FreeRTOS/Source/portable/MemMang/heap_4.o
 .text.atoi     0x000000000800de0c        0x8 c:/st/stm32cubeide_1.9.0/stm32cubeide/plugins/com.st.stm32cube.ide.mcu.externaltools.gnu-tools-for-stm32.10.3-2021.10.win32_1.0.100.202210260954/tools/bin/../lib/gcc/arm-none-eabi/10.3.1/../../../../arm-none-eabi/lib/thumb/v7e-m+fp/hard\libc_nano.a(lib_a-atoi.o)
                0x000000000800de0c                atoi
 .text.calloc   0x000000000800de14       0x10 c:/st/stm32cubeide_1.9.0/stm32cubeide/plugins/com.st.stm32cube.ide.mcu.externaltools.gnu-tools-for-stm32.10.3-2021.10.win32_1.0.100.202210260954/tools/bin/../lib/gcc/arm-none-eabi/10.3.1/../../../../arm-none-eabi/lib/thumb/v7e-m+fp/hard\libc_nano.a(lib_a-calloc.o)
                0x000000000800de14                calloc
 .text.__errno  0x000000000800de24        0xc c:/st/stm32cubeide_1.9.0/stm32cubeide/plugins/com.st.stm32cube.ide.mcu.externaltools.gnu-tools-for-stm32.10.3-2021.10.win32_1.0.100.202210260954/tools/bin/../lib/gcc/arm-none-eabi/10.3.1/../../../../arm-none-eabi/lib/thumb/v7e-m+fp/hard\libc_nano.a(lib_a-errno.o)
                0x000000000800de24                __errno
 .text.__libc_init_array
                0x000000000800de30       0x48 c:/st/stm32cubeide_1.9.0/stm32cubeide/plugins/com.st.stm32cube.ide.mcu.externaltools.gnu-tools-for-stm32.10.3-2021.10.win32_1.0.100.202210260954/tools/bin/../lib/gcc/arm-none-eabi/10.3.1/../../../../arm-none-eabi/lib/thumb/v7e-m+fp/hard\libc_nano.a(lib_a-init.o)
                0x000000000800de30                __libc_init_array
 .text.__retarget_lock_acquire_recursive
                0x000000000800de78        0x2 c:/st/stm32cubeide_1.9.0/stm32cubeide/plugins/com.st.stm32cube.ide.mcu.externaltools.gnu-tools-for-stm32.10.3-2021.10.win32_1.0.100.202210260954/tools/bin/../lib/gcc/arm-none-eabi/10.3.1/../../../../arm-none-eabi/lib/thumb/v7e-m+fp/hard\libc_nano.a(lib_a-lock.o)
                0x000000000800de78                __retarget_lock_acquire_recursive
 .text.__retarget_lock_release_recursive
                0x000000000800de7a        0x2 c:/st/stm32cubeide_1.9.0/stm32cubeide/plugins/com.st.stm32cube.ide.mcu.externaltools.gnu-tools-for-stm32.10.3-2021.10.win32_1.0.100.202210260954/tools/bin/../lib/gcc/arm-none-eabi/10.3.1/../../../../arm-none-eabi/lib/thumb/v7e-m+fp/hard\libc_nano.a(lib_a-lock.o)
                0x000000000800de7a                __retarget_lock_release_recursive
 .text.malloc   0x000000000800de7c       0x10 c:/st/stm32cubeide_1.9.0/stm32cubeide/plugins/com.st.stm32cube.ide.mcu.externaltools.gnu-tools-for-stm32.10.3-2021.10.win32_1.0.100.202210260954/tools/bin/../lib/gcc/arm-none-eabi/10.3.1/../../../../arm-none-eabi/lib/thumb/v7e-m+fp/hard\libc_nano.a(lib_a-malloc.o)
                0x000000000800de7c                malloc
 .text.memcpy   0x000000000800de8c       0x1c c:/st/stm32cubeide_1.9.0/stm32cubeide/plugins/com.st.stm32cube.ide.mcu.externaltools.gnu-tools-for-stm32.10.3-2021.10.win32_1.0.100.202210260954/tools/bin/../lib/gcc/arm-none-eabi/10.3.1/../../../../arm-none-eabi/lib/thumb/v7e-m+fp/hard\libc_nano.a(lib_a-memcpy-stub.o)
                0x000000000800de8c                memcpy
 .text.memset   0x000000000800dea8       0x10 c:/st/stm32cubeide_1.9.0/stm32cubeide/plugins/com.st.stm32cube.ide.mcu.externaltools.gnu-tools-for-stm32.10.3-2021.10.win32_1.0.100.202210260954/tools/bin/../lib/gcc/arm-none-eabi/10.3.1/../../../../arm-none-eabi/lib/thumb/v7e-m+fp/hard\libc_nano.a(lib_a-memset.o)
                0x000000000800dea8                memset
 .text._calloc_r
                0x000000000800deb8       0x2c c:/st/stm32cubeide_1.9.0/stm32cubeide/plugins/com.st.stm32cube.ide.mcu.externaltools.gnu-tools-for-stm32.10.3-2021.10.win32_1.0.100.202210260954/tools/bin/../lib/gcc/arm-none-eabi/10.3.1/../../../../arm-none-eabi/lib/thumb/v7e-m+fp/hard\libc_nano.a(lib_a-nano-callocr.o)
                0x000000000800deb8                _calloc_r
 .text._free_r  0x000000000800dee4       0x98 c:/st/stm32cubeide_1.9.0/stm32cubeide/plugins/com.st.stm32cube.ide.mcu.externaltools.gnu-tools-for-stm32.10.3-2021.10.win32_1.0.100.202210260954/tools/bin/../lib/gcc/arm-none-eabi/10.3.1/../../../../arm-none-eabi/lib/thumb/v7e-m+fp/hard\libc_nano.a(lib_a-nano-freer.o)
                0x000000000800dee4                _free_r
 .text.sbrk_aligned
                0x000000000800df7c       0x40 c:/st/stm32cubeide_1.9.0/stm32cubeide/plugins/com.st.stm32cube.ide.mcu.externaltools.gnu-tools-for-stm32.10.3-2021.10.win32_1.0.100.202210260954/tools/bin/../lib/gcc/arm-none-eabi/10.3.1/../../../../arm-none-eabi/lib/thumb/v7e-m+fp/hard\libc_nano.a(lib_a-nano-mallocr.o)
 .text._malloc_r
                0x000000000800dfbc       0xe8 c:/st/stm32cubeide_1.9.0/stm32cubeide/plugins/com.st.stm32cube.ide.mcu.externaltools.gnu-tools-for-stm32.10.3-2021.10.win32_1.0.100.202210260954/tools/bin/../lib/gcc/arm-none-eabi/10.3.1/../../../../arm-none-eabi/lib/thumb/v7e-m+fp/hard\libc_nano.a(lib_a-nano-mallocr.o)
                0x000000000800dfbc                _malloc_r
 .text.cleanup_glue
                0x000000000800e0a4       0x1a c:/st/stm32cubeide_1.9.0/stm32cubeide/plugins/com.st.stm32cube.ide.mcu.externaltools.gnu-tools-for-stm32.10.3-2021.10.win32_1.0.100.202210260954/tools/bin/../lib/gcc/arm-none-eabi/10.3.1/../../../../arm-none-eabi/lib/thumb/v7e-m+fp/hard\libc_nano.a(lib_a-reent.o)
                0x000000000800e0a4                cleanup_glue
 *fill*         0x000000000800e0be        0x2 
 .text._reclaim_reent
                0x000000000800e0c0       0xb8 c:/st/stm32cubeide_1.9.0/stm32cubeide/plugins/com.st.stm32cube.ide.mcu.externaltools.gnu-tools-for-stm32.10.3-2021.10.win32_1.0.100.202210260954/tools/bin/../lib/gcc/arm-none-eabi/10.3.1/../../../../arm-none-eabi/lib/thumb/v7e-m+fp/hard\libc_nano.a(lib_a-reent.o)
                0x000000000800e0c0                _reclaim_reent
 .text._sbrk_r  0x000000000800e178       0x20 c:/st/stm32cubeide_1.9.0/stm32cubeide/plugins/com.st.stm32cube.ide.mcu.externaltools.gnu-tools-for-stm32.10.3-2021.10.win32_1.0.100.202210260954/tools/bin/../lib/gcc/arm-none-eabi/10.3.1/../../../../arm-none-eabi/lib/thumb/v7e-m+fp/hard\libc_nano.a(lib_a-sbrkr.o)
                0x000000000800e178                _sbrk_r
 .text.sprintf  0x000000000800e198       0x40 c:/st/stm32cubeide_1.9.0/stm32cubeide/plugins/com.st.stm32cube.ide.mcu.externaltools.gnu-tools-for-stm32.10.3-2021.10.win32_1.0.100.202210260954/tools/bin/../lib/gcc/arm-none-eabi/10.3.1/../../../../arm-none-eabi/lib/thumb/v7e-m+fp/hard\libc_nano.a(lib_a-sprintf.o)
                0x000000000800e198                siprintf
                0x000000000800e198                sprintf
 .text.strcpy   0x000000000800e1d8       0x10 c:/st/stm32cubeide_1.9.0/stm32cubeide/plugins/com.st.stm32cube.ide.mcu.externaltools.gnu-tools-for-stm32.10.3-2021.10.win32_1.0.100.202210260954/tools/bin/../lib/gcc/arm-none-eabi/10.3.1/../../../../arm-none-eabi/lib/thumb/v7e-m+fp/hard\libc_nano.a(lib_a-strcpy.o)
                0x000000000800e1d8                strcpy
 .text.strncmp  0x000000000800e1e8       0x28 c:/st/stm32cubeide_1.9.0/stm32cubeide/plugins/com.st.stm32cube.ide.mcu.externaltools.gnu-tools-for-stm32.10.3-2021.10.win32_1.0.100.202210260954/tools/bin/../lib/gcc/arm-none-eabi/10.3.1/../../../../arm-none-eabi/lib/thumb/v7e-m+fp/hard\libc_nano.a(lib_a-strncmp.o)
                0x000000000800e1e8                strncmp
 .text.strncpy  0x000000000800e210       0x26 c:/st/stm32cubeide_1.9.0/stm32cubeide/plugins/com.st.stm32cube.ide.mcu.externaltools.gnu-tools-for-stm32.10.3-2021.10.win32_1.0.100.202210260954/tools/bin/../lib/gcc/arm-none-eabi/10.3.1/../../../../arm-none-eabi/lib/thumb/v7e-m+fp/hard\libc_nano.a(lib_a-strncpy.o)
                0x000000000800e210                strncpy
 *fill*         0x000000000800e236        0x2 
 .text._strtol_l.constprop.0
                0x000000000800e238      0x104 c:/st/stm32cubeide_1.9.0/stm32cubeide/plugins/com.st.stm32cube.ide.mcu.externaltools.gnu-tools-for-stm32.10.3-2021.10.win32_1.0.100.202210260954/tools/bin/../lib/gcc/arm-none-eabi/10.3.1/../../../../arm-none-eabi/lib/thumb/v7e-m+fp/hard\libc_nano.a(lib_a-strtol.o)
 .text.strtol   0x000000000800e33c       0x14 c:/st/stm32cubeide_1.9.0/stm32cubeide/plugins/com.st.stm32cube.ide.mcu.externaltools.gnu-tools-for-stm32.10.3-2021.10.win32_1.0.100.202210260954/tools/bin/../lib/gcc/arm-none-eabi/10.3.1/../../../../arm-none-eabi/lib/thumb/v7e-m+fp/hard\libc_nano.a(lib_a-strtol.o)
                0x000000000800e33c                strtol
 .text.__malloc_lock
                0x000000000800e350        0xc c:/st/stm32cubeide_1.9.0/stm32cubeide/plugins/com.st.stm32cube.ide.mcu.externaltools.gnu-tools-for-stm32.10.3-2021.10.win32_1.0.100.202210260954/tools/bin/../lib/gcc/arm-none-eabi/10.3.1/../../../../arm-none-eabi/lib/thumb/v7e-m+fp/hard\libc_nano.a(lib_a-mlock.o)
                0x000000000800e350                __malloc_lock
 .text.__malloc_unlock
                0x000000000800e35c        0xc c:/st/stm32cubeide_1.9.0/stm32cubeide/plugins/com.st.stm32cube.ide.mcu.externaltools.gnu-tools-for-stm32.10.3-2021.10.win32_1.0.100.202210260954/tools/bin/../lib/gcc/arm-none-eabi/10.3.1/../../../../arm-none-eabi/lib/thumb/v7e-m+fp/hard\libc_nano.a(lib_a-mlock.o)
                0x000000000800e35c                __malloc_unlock
 .text.__ssputs_r
                0x000000000800e368       0xb6 c:/st/stm32cubeide_1.9.0/stm32cubeide/plugins/com.st.stm32cube.ide.mcu.externaltools.gnu-tools-for-stm32.10.3-2021.10.win32_1.0.100.202210260954/tools/bin/../lib/gcc/arm-none-eabi/10.3.1/../../../../arm-none-eabi/lib/thumb/v7e-m+fp/hard\libc_nano.a(lib_a-nano-svfprintf.o)
                0x000000000800e368                __ssputs_r
 *fill*         0x000000000800e41e        0x2 
 .text._svfprintf_r
                0x000000000800e420      0x200 c:/st/stm32cubeide_1.9.0/stm32cubeide/plugins/com.st.stm32cube.ide.mcu.externaltools.gnu-tools-for-stm32.10.3-2021.10.win32_1.0.100.202210260954/tools/bin/../lib/gcc/arm-none-eabi/10.3.1/../../../../arm-none-eabi/lib/thumb/v7e-m+fp/hard\libc_nano.a(lib_a-nano-svfprintf.o)
                0x000000000800e420                _svfiprintf_r
                0x000000000800e420                _svfprintf_r
 .text._printf_common
                0x000000000800e620       0xda c:/st/stm32cubeide_1.9.0/stm32cubeide/plugins/com.st.stm32cube.ide.mcu.externaltools.gnu-tools-for-stm32.10.3-2021.10.win32_1.0.100.202210260954/tools/bin/../lib/gcc/arm-none-eabi/10.3.1/../../../../arm-none-eabi/lib/thumb/v7e-m+fp/hard\libc_nano.a(lib_a-nano-vfprintf_i.o)
                0x000000000800e620                _printf_common
 *fill*         0x000000000800e6fa        0x2 
 .text._printf_i
                0x000000000800e6fc      0x24c c:/st/stm32cubeide_1.9.0/stm32cubeide/plugins/com.st.stm32cube.ide.mcu.externaltools.gnu-tools-for-stm32.10.3-2021.10.win32_1.0.100.202210260954/tools/bin/../lib/gcc/arm-none-eabi/10.3.1/../../../../arm-none-eabi/lib/thumb/v7e-m+fp/hard\libc_nano.a(lib_a-nano-vfprintf_i.o)
                0x000000000800e6fc                _printf_i
 .text.memmove  0x000000000800e948       0x34 c:/st/stm32cubeide_1.9.0/stm32cubeide/plugins/com.st.stm32cube.ide.mcu.externaltools.gnu-tools-for-stm32.10.3-2021.10.win32_1.0.100.202210260954/tools/bin/../lib/gcc/arm-none-eabi/10.3.1/../../../../arm-none-eabi/lib/thumb/v7e-m+fp/hard\libc_nano.a(lib_a-memmove.o)
                0x000000000800e948                memmove
 .text._realloc_r
                0x000000000800e97c       0x5e c:/st/stm32cubeide_1.9.0/stm32cubeide/plugins/com.st.stm32cube.ide.mcu.externaltools.gnu-tools-for-stm32.10.3-2021.10.win32_1.0.100.202210260954/tools/bin/../lib/gcc/arm-none-eabi/10.3.1/../../../../arm-none-eabi/lib/thumb/v7e-m+fp/hard\libc_nano.a(lib_a-nano-reallocr.o)
                0x000000000800e97c                _realloc_r
 .text._malloc_usable_size_r
                0x000000000800e9da       0x10 c:/st/stm32cubeide_1.9.0/stm32cubeide/plugins/com.st.stm32cube.ide.mcu.externaltools.gnu-tools-for-stm32.10.3-2021.10.win32_1.0.100.202210260954/tools/bin/../lib/gcc/arm-none-eabi/10.3.1/../../../../arm-none-eabi/lib/thumb/v7e-m+fp/hard\libc_nano.a(lib_a-nano-msizer.o)
                0x000000000800e9da                _malloc_usable_size_r
 *(.glue_7)
 .glue_7        0x000000000800e9ea        0x0 linker stubs
 *(.glue_7t)
 .glue_7t       0x000000000800e9ea        0x0 linker stubs
 *(.eh_frame)
 *fill*         0x000000000800e9ea        0x2 
 .eh_frame      0x000000000800e9ec        0x0 c:/st/stm32cubeide_1.9.0/stm32cubeide/plugins/com.st.stm32cube.ide.mcu.externaltools.gnu-tools-for-stm32.10.3-2021.10.win32_1.0.100.202210260954/tools/bin/../lib/gcc/arm-none-eabi/10.3.1/thumb/v7e-m+fp/hard/crtbegin.o
 *(.init)
 .init          0x000000000800e9ec        0x4 c:/st/stm32cubeide_1.9.0/stm32cubeide/plugins/com.st.stm32cube.ide.mcu.externaltools.gnu-tools-for-stm32.10.3-2021.10.win32_1.0.100.202210260954/tools/bin/../lib/gcc/arm-none-eabi/10.3.1/thumb/v7e-m+fp/hard/crti.o
                0x000000000800e9ec                _init
 .init          0x000000000800e9f0        0x8 c:/st/stm32cubeide_1.9.0/stm32cubeide/plugins/com.st.stm32cube.ide.mcu.externaltools.gnu-tools-for-stm32.10.3-2021.10.win32_1.0.100.202210260954/tools/bin/../lib/gcc/arm-none-eabi/10.3.1/thumb/v7e-m+fp/hard/crtn.o
 *(.fini)
 .fini          0x000000000800e9f8        0x4 c:/st/stm32cubeide_1.9.0/stm32cubeide/plugins/com.st.stm32cube.ide.mcu.externaltools.gnu-tools-for-stm32.10.3-2021.10.win32_1.0.100.202210260954/tools/bin/../lib/gcc/arm-none-eabi/10.3.1/thumb/v7e-m+fp/hard/crti.o
                0x000000000800e9f8                _fini
 .fini          0x000000000800e9fc        0x8 c:/st/stm32cubeide_1.9.0/stm32cubeide/plugins/com.st.stm32cube.ide.mcu.externaltools.gnu-tools-for-stm32.10.3-2021.10.win32_1.0.100.202210260954/tools/bin/../lib/gcc/arm-none-eabi/10.3.1/thumb/v7e-m+fp/hard/crtn.o
                0x000000000800ea04                . = ALIGN (0x4)
                0x000000000800ea04                _etext = .

.vfp11_veneer   0x000000000800ea04        0x0
 .vfp11_veneer  0x000000000800ea04        0x0 linker stubs

.v4_bx          0x000000000800ea04        0x0
 .v4_bx         0x000000000800ea04        0x0 linker stubs

.iplt           0x000000000800ea04        0x0
 .iplt          0x000000000800ea04        0x0 c:/st/stm32cubeide_1.9.0/stm32cubeide/plugins/com.st.stm32cube.ide.mcu.externaltools.gnu-tools-for-stm32.10.3-2021.10.win32_1.0.100.202210260954/tools/bin/../lib/gcc/arm-none-eabi/10.3.1/thumb/v7e-m+fp/hard/crtbegin.o

.rodata         0x000000000800ea04      0x440
                0x000000000800ea04                . = ALIGN (0x4)
 *(.rodata)
 .rodata        0x000000000800ea04       0x17 ./Core/Src/Bluetooth.o
 *fill*         0x000000000800ea1b        0x1 
 .rodata        0x000000000800ea1c       0x23 ./Core/Src/RTC.o
 *fill*         0x000000000800ea3f        0x1 
 .rodata        0x000000000800ea40       0x35 ./Core/Src/fatfs_app.o
 *fill*         0x000000000800ea75        0x3 
 .rodata        0x000000000800ea78       0xc4 ./Core/Src/inicializaciones.o
 .rodata        0x000000000800eb3c       0x28 ./Core/Src/main.o
 .rodata        0x000000000800eb64       0x5b ./Core/Src/tareas_rutina.o
 *fill*         0x000000000800ebbf        0x1 
 .rodata        0x000000000800ebc0       0x44 ./Middlewares/Third_Party/FatFs/src/ff.o
 .rodata        0x000000000800ec04        0x5 ./Middlewares/Third_Party/FreeRTOS/Source/tasks.o
 *(.rodata*)
 *fill*         0x000000000800ec09        0x3 
 .rodata.DOT_MATRIX_CfgParam
                0x000000000800ec0c        0xc ./Core/Src/DOT_MATRIX_cfg.o
                0x000000000800ec0c                DOT_MATRIX_CfgParam
 .rodata.AHBPrescTable
                0x000000000800ec18       0x10 ./Core/Src/system_stm32f4xx.o
                0x000000000800ec18                AHBPrescTable
 .rodata.APBPrescTable
                0x000000000800ec28        0x8 ./Core/Src/system_stm32f4xx.o
                0x000000000800ec28                APBPrescTable
 .rodata.ExCvt  0x000000000800ec30       0x80 ./Middlewares/Third_Party/FatFs/src/ff.o
 .rodata.__sf_fake_stderr
                0x000000000800ecb0       0x20 c:/st/stm32cubeide_1.9.0/stm32cubeide/plugins/com.st.stm32cube.ide.mcu.externaltools.gnu-tools-for-stm32.10.3-2021.10.win32_1.0.100.202210260954/tools/bin/../lib/gcc/arm-none-eabi/10.3.1/../../../../arm-none-eabi/lib/thumb/v7e-m+fp/hard\libc_nano.a(lib_a-findfp.o)
                0x000000000800ecb0                __sf_fake_stderr
 .rodata.__sf_fake_stdin
                0x000000000800ecd0       0x20 c:/st/stm32cubeide_1.9.0/stm32cubeide/plugins/com.st.stm32cube.ide.mcu.externaltools.gnu-tools-for-stm32.10.3-2021.10.win32_1.0.100.202210260954/tools/bin/../lib/gcc/arm-none-eabi/10.3.1/../../../../arm-none-eabi/lib/thumb/v7e-m+fp/hard\libc_nano.a(lib_a-findfp.o)
                0x000000000800ecd0                __sf_fake_stdin
 .rodata.__sf_fake_stdout
                0x000000000800ecf0       0x20 c:/st/stm32cubeide_1.9.0/stm32cubeide/plugins/com.st.stm32cube.ide.mcu.externaltools.gnu-tools-for-stm32.10.3-2021.10.win32_1.0.100.202210260954/tools/bin/../lib/gcc/arm-none-eabi/10.3.1/../../../../arm-none-eabi/lib/thumb/v7e-m+fp/hard\libc_nano.a(lib_a-findfp.o)
                0x000000000800ecf0                __sf_fake_stdout
 .rodata._ctype_
                0x000000000800ed10      0x101 c:/st/stm32cubeide_1.9.0/stm32cubeide/plugins/com.st.stm32cube.ide.mcu.externaltools.gnu-tools-for-stm32.10.3-2021.10.win32_1.0.100.202210260954/tools/bin/../lib/gcc/arm-none-eabi/10.3.1/../../../../arm-none-eabi/lib/thumb/v7e-m+fp/hard\libc_nano.a(lib_a-ctype_.o)
                0x000000000800ed10                _ctype_
 .rodata._svfprintf_r.str1.1
                0x000000000800ee11       0x11 c:/st/stm32cubeide_1.9.0/stm32cubeide/plugins/com.st.stm32cube.ide.mcu.externaltools.gnu-tools-for-stm32.10.3-2021.10.win32_1.0.100.202210260954/tools/bin/../lib/gcc/arm-none-eabi/10.3.1/../../../../arm-none-eabi/lib/thumb/v7e-m+fp/hard\libc_nano.a(lib_a-nano-svfprintf.o)
 .rodata._printf_i.str1.1
                0x000000000800ee22       0x22 c:/st/stm32cubeide_1.9.0/stm32cubeide/plugins/com.st.stm32cube.ide.mcu.externaltools.gnu-tools-for-stm32.10.3-2021.10.win32_1.0.100.202210260954/tools/bin/../lib/gcc/arm-none-eabi/10.3.1/../../../../arm-none-eabi/lib/thumb/v7e-m+fp/hard\libc_nano.a(lib_a-nano-vfprintf_i.o)
                0x000000000800ee44                . = ALIGN (0x4)

.ARM.extab      0x000000000800ee44        0x0
                0x000000000800ee44                . = ALIGN (0x4)
 *(.ARM.extab* .gnu.linkonce.armextab.*)
                0x000000000800ee44                . = ALIGN (0x4)

.ARM            0x000000000800ee44        0x8
                0x000000000800ee44                . = ALIGN (0x4)
                0x000000000800ee44                __exidx_start = .
 *(.ARM.exidx*)
 .ARM.exidx     0x000000000800ee44        0x8 c:/st/stm32cubeide_1.9.0/stm32cubeide/plugins/com.st.stm32cube.ide.mcu.externaltools.gnu-tools-for-stm32.10.3-2021.10.win32_1.0.100.202210260954/tools/bin/../lib/gcc/arm-none-eabi/10.3.1/thumb/v7e-m+fp/hard\libgcc.a(_udivmoddi4.o)
                0x000000000800ee4c                __exidx_end = .
                0x000000000800ee4c                . = ALIGN (0x4)

.rel.dyn        0x000000000800ee4c        0x0
 .rel.iplt      0x000000000800ee4c        0x0 c:/st/stm32cubeide_1.9.0/stm32cubeide/plugins/com.st.stm32cube.ide.mcu.externaltools.gnu-tools-for-stm32.10.3-2021.10.win32_1.0.100.202210260954/tools/bin/../lib/gcc/arm-none-eabi/10.3.1/thumb/v7e-m+fp/hard/crtbegin.o

.preinit_array  0x000000000800ee4c        0x0
                0x000000000800ee4c                . = ALIGN (0x4)
                0x000000000800ee4c                PROVIDE (__preinit_array_start = .)
 *(.preinit_array*)
                0x000000000800ee4c                PROVIDE (__preinit_array_end = .)
                0x000000000800ee4c                . = ALIGN (0x4)

.init_array     0x000000000800ee4c        0x4
                0x000000000800ee4c                . = ALIGN (0x4)
                0x000000000800ee4c                PROVIDE (__init_array_start = .)
 *(SORT_BY_NAME(.init_array.*))
 *(.init_array*)
 .init_array    0x000000000800ee4c        0x4 c:/st/stm32cubeide_1.9.0/stm32cubeide/plugins/com.st.stm32cube.ide.mcu.externaltools.gnu-tools-for-stm32.10.3-2021.10.win32_1.0.100.202210260954/tools/bin/../lib/gcc/arm-none-eabi/10.3.1/thumb/v7e-m+fp/hard/crtbegin.o
                0x000000000800ee50                PROVIDE (__init_array_end = .)
                0x000000000800ee50                . = ALIGN (0x4)

.fini_array     0x000000000800ee50        0x4
                0x000000000800ee50                . = ALIGN (0x4)
                [!provide]                        PROVIDE (__fini_array_start = .)
 *(SORT_BY_NAME(.fini_array.*))
 *(.fini_array*)
 .fini_array    0x000000000800ee50        0x4 c:/st/stm32cubeide_1.9.0/stm32cubeide/plugins/com.st.stm32cube.ide.mcu.externaltools.gnu-tools-for-stm32.10.3-2021.10.win32_1.0.100.202210260954/tools/bin/../lib/gcc/arm-none-eabi/10.3.1/thumb/v7e-m+fp/hard/crtbegin.o
                [!provide]                        PROVIDE (__fini_array_end = .)
                0x000000000800ee54                . = ALIGN (0x4)
                0x000000000800ee54                _sidata = LOADADDR (.data)

.data           0x0000000020000000      0x294 load address 0x000000000800ee54
                0x0000000020000000                . = ALIGN (0x4)
                0x0000000020000000                _sdata = .
 *(.data)
 *(.data*)
 .data.FONT_7x5
                0x0000000020000000      0x1e0 ./Core/Src/DOT_MATRIX.o
                0x0000000020000000                FONT_7x5
 .data.Stat     0x00000000200001e0        0x1 ./Core/Src/fatfs_sd.o
 *fill*         0x00000000200001e1        0x3 
 .data.MSG      0x00000000200001e4       0x21 ./Core/Src/main.o
                0x00000000200001e4                MSG
 *fill*         0x0000000020000205        0x3 
 .data.SystemCoreClock
                0x0000000020000208        0x4 ./Core/Src/system_stm32f4xx.o
                0x0000000020000208                SystemCoreClock
 .data.estadoSd.0
                0x000000002000020c        0x1 ./Core/Src/tareas_rutina.o
 *fill*         0x000000002000020d        0x3 
 .data.uwTickPrio
                0x0000000020000210        0x4 ./Drivers/STM32F4xx_HAL_Driver/Src/stm32f4xx_hal.o
                0x0000000020000210                uwTickPrio
 .data.uwTickFreq
                0x0000000020000214        0x1 ./Drivers/STM32F4xx_HAL_Driver/Src/stm32f4xx_hal.o
                0x0000000020000214                uwTickFreq
 *fill*         0x0000000020000215        0x3 
 .data.USER_Driver
                0x0000000020000218       0x14 ./FATFS/Target/user_diskio.o
                0x0000000020000218                USER_Driver
 .data.uxCriticalNesting
                0x000000002000022c        0x4 ./Middlewares/Third_Party/FreeRTOS/Source/portable/GCC/ARM_CM4F/port.o
 .data._impure_ptr
                0x0000000020000230        0x4 c:/st/stm32cubeide_1.9.0/stm32cubeide/plugins/com.st.stm32cube.ide.mcu.externaltools.gnu-tools-for-stm32.10.3-2021.10.win32_1.0.100.202210260954/tools/bin/../lib/gcc/arm-none-eabi/10.3.1/../../../../arm-none-eabi/lib/thumb/v7e-m+fp/hard\libc_nano.a(lib_a-impure.o)
                0x0000000020000230                _impure_ptr
 .data.impure_data
                0x0000000020000234       0x60 c:/st/stm32cubeide_1.9.0/stm32cubeide/plugins/com.st.stm32cube.ide.mcu.externaltools.gnu-tools-for-stm32.10.3-2021.10.win32_1.0.100.202210260954/tools/bin/../lib/gcc/arm-none-eabi/10.3.1/../../../../arm-none-eabi/lib/thumb/v7e-m+fp/hard\libc_nano.a(lib_a-impure.o)
 *(.RamFunc)
 *(.RamFunc*)
                0x0000000020000294                . = ALIGN (0x4)
                0x0000000020000294                _edata = .

.igot.plt       0x0000000020000294        0x0 load address 0x000000000800f0e8
 .igot.plt      0x0000000020000294        0x0 c:/st/stm32cubeide_1.9.0/stm32cubeide/plugins/com.st.stm32cube.ide.mcu.externaltools.gnu-tools-for-stm32.10.3-2021.10.win32_1.0.100.202210260954/tools/bin/../lib/gcc/arm-none-eabi/10.3.1/thumb/v7e-m+fp/hard/crtbegin.o
                0x0000000020000294                . = ALIGN (0x4)

.bss            0x0000000020000294     0x48bc load address 0x000000000800f0e8
                0x0000000020000294                _sbss = .
                0x0000000020000294                __bss_start__ = _sbss
 *(.bss)
 .bss           0x0000000020000294       0x1c c:/st/stm32cubeide_1.9.0/stm32cubeide/plugins/com.st.stm32cube.ide.mcu.externaltools.gnu-tools-for-stm32.10.3-2021.10.win32_1.0.100.202210260954/tools/bin/../lib/gcc/arm-none-eabi/10.3.1/thumb/v7e-m+fp/hard/crtbegin.o
 *(.bss*)
 .bss.g_hspi    0x00000000200002b0        0x4 ./Core/Src/DOT_MATRIX.o
                0x00000000200002b0                g_hspi
 .bss.gs_MATRIX_info
                0x00000000200002b4       0x34 ./Core/Src/DOT_MATRIX.o
 .bss.sTime     0x00000000200002e8       0x14 ./Core/Src/RTC.o
                0x00000000200002e8                sTime
 .bss.sDate     0x00000000200002fc        0x4 ./Core/Src/RTC.o
                0x00000000200002fc                sDate
 .bss.pMillis   0x0000000020000300        0x4 ./Core/Src/dht11.o
                0x0000000020000300                pMillis
 .bss.cMillis   0x0000000020000304        0x4 ./Core/Src/dht11.o
                0x0000000020000304                cMillis
 .bss.userFILE  0x0000000020000308      0x230 ./Core/Src/fatfs_app.o
                0x0000000020000308                userFILE
 .bss.by_read.1
                0x0000000020000538        0x4 ./Core/Src/fatfs_app.o
 .bss.msg_pos.0
                0x000000002000053c        0x1 ./Core/Src/fatfs_app.o
 .bss.CardType  0x000000002000053d        0x1 ./Core/Src/fatfs_sd.o
 .bss.PowerFlag
                0x000000002000053e        0x1 ./Core/Src/fatfs_sd.o
 *fill*         0x000000002000053f        0x1 
 .bss.xIdleTaskTCBBuffer
                0x0000000020000540       0xb4 ./Core/Src/freertos.o
 .bss.xIdleStack
                0x00000000200005f4      0x200 ./Core/Src/freertos.o
 .bss.hi2c1     0x00000000200007f4       0x54 ./Core/Src/main.o
                0x00000000200007f4                hi2c1
 .bss.hrtc      0x0000000020000848       0x20 ./Core/Src/main.o
                0x0000000020000848                hrtc
 .bss.hspi1     0x0000000020000868       0x58 ./Core/Src/main.o
                0x0000000020000868                hspi1
 .bss.hspi2     0x00000000200008c0       0x58 ./Core/Src/main.o
                0x00000000200008c0                hspi2
 .bss.htim2     0x0000000020000918       0x48 ./Core/Src/main.o
                0x0000000020000918                htim2
 .bss.htim3     0x0000000020000960       0x48 ./Core/Src/main.o
                0x0000000020000960                htim3
 .bss.htim4     0x00000000200009a8       0x48 ./Core/Src/main.o
                0x00000000200009a8                htim4
 .bss.huart1    0x00000000200009f0       0x44 ./Core/Src/main.o
                0x00000000200009f0                huart1
 .bss.defaultTaskHandle
                0x0000000020000a34        0x4 ./Core/Src/main.o
                0x0000000020000a34                defaultTaskHandle
 .bss.Cartel_Led
                0x0000000020000a38       0x70 ./Core/Src/main.o
                0x0000000020000a38                Cartel_Led
 .bss.sem_rx    0x0000000020000aa8        0x4 ./Core/Src/main.o
                0x0000000020000aa8                sem_rx
 .bss.sem_push1
                0x0000000020000aac        0x4 ./Core/Src/main.o
                0x0000000020000aac                sem_push1
 .bss.sem_push2
                0x0000000020000ab0        0x4 ./Core/Src/main.o